Component: ARM Compiler 5.06 update 4 (build 422) Tool: armlink [4d35d2]

==============================================================================

Section Cross References

    main.o(i.getSteeringInfo) refers to _printf_percent.o(.ARM.Collect$$_printf_percent$$00000000) for _printf_percent
    main.o(i.getSteeringInfo) refers to _printf_f.o(.ARM.Collect$$_printf_percent$$00000003) for _printf_f
    main.o(i.getSteeringInfo) refers to printf1.o(x$fpl$printf1) for _printf_fp_dec
    main.o(i.getSteeringInfo) refers to _printf_d.o(.ARM.Collect$$_printf_percent$$00000009) for _printf_d
    main.o(i.getSteeringInfo) refers to _printf_dec.o(.text) for _printf_int_dec
    main.o(i.getSteeringInfo) refers to sca_api.o(i.regainAttrbute) for regainAttrbute
    main.o(i.getSteeringInfo) refers to f2d.o(x$fpl$f2d) for __aeabi_f2d
    main.o(i.getSteeringInfo) refers to noretval__2printf.o(.text) for __2printf
    main.o(i.getSteeringInfo) refers to sca_app.o(.data) for pSCA_ID1
    main.o(i.main) refers to stm32f4xx_hal.o(i.HAL_Init) for HAL_Init
    main.o(i.main) refers to sys.o(i.Stm32_Clock_Init) for Stm32_Clock_Init
    main.o(i.main) refers to delay.o(i.delay_init) for delay_init
    main.o(i.main) refers to usart.o(i.uart_init) for uart_init
    main.o(i.main) refers to led.o(i.LED_Init) for LED_Init
    main.o(i.main) refers to key.o(i.KEY_Init) for KEY_Init
    main.o(i.main) refers to main.o(i.motorInit) for motorInit
    main.o(i.main) refers to timer.o(i.TIM3_Init) for TIM3_Init
    main.o(i.main) refers to stm32f4xx_hal_gpio.o(i.HAL_GPIO_ReadPin) for HAL_GPIO_ReadPin
    main.o(i.main) refers to sca_app.o(i.SCA_Init) for SCA_Init
    main.o(i.main) refers to delay.o(i.delay_ms) for delay_ms
    main.o(i.main) refers to sca_api.o(i.activateActuatorMode) for activateActuatorMode
    main.o(i.main) refers to led.o(i.ready_light) for ready_light
    main.o(i.main) refers to led.o(i.LED0_ON) for LED0_ON
    main.o(i.main) refers to nuci7.o(i.Nuci7Reset) for Nuci7Reset
    main.o(i.main) refers to noretval__2printf.o(.text) for __2printf
    main.o(i.main) refers to stm32f4xx_hal_uart.o(i.HAL_UART_Receive_IT) for HAL_UART_Receive_IT
    main.o(i.main) refers to balance.o(i.bikebotStop) for bikebotStop
    main.o(i.main) refers to nuci7.o(i.Bikedrive) for Bikedrive
    main.o(i.main) refers to nuci7.o(i.Nuci7Write) for Nuci7Write
    main.o(i.main) refers to usart.o(.data) for aRxBuffer
    main.o(i.main) refers to usart.o(.bss) for UART3_Handler
    main.o(i.main) refers to nuci7.o(.data) for itflag
    main.o(i.motorInit) refers to can.o(i.CAN1_Mode_Init) for CAN1_Mode_Init
    main.o(i.motorInit) refers to sca_app.o(i.SCA_Init) for SCA_Init
    main.o(i.motorInit) refers to delay.o(i.delay_ms) for delay_ms
    main.o(i.motorInit) refers to sca_app.o(i.SCA_Set) for SCA_Set
    main.o(i.motorInit) refers to sca_app.o(i.SCA_Homing) for SCA_Homing
    main.o(i.motorInit) refers to sca_api.o(i.disableAllActuators) for disableAllActuators
    main.o(i.motorInit) refers to wheel.o(i.wheelInit) for wheelInit
    balance.o(i.BalanceInit) refers to tan.o(i.__hardfp_tan) for __hardfp_tan
    balance.o(i.BalanceInit) refers to dmul.o(x$fpl$dmul) for __aeabi_dmul
    balance.o(i.BalanceInit) refers to dflt_clz.o(x$fpl$dflt) for __aeabi_i2d
    balance.o(i.BalanceInit) refers to ddiv.o(x$fpl$ddiv) for __aeabi_ddiv
    balance.o(i.BalanceInit) refers to balance.o(.bss) for bikebot
    balance.o(i.BalanceInit) refers to jy901.o(.data) for stcAngle
    balance.o(i.TIM3_IRQHandler) refers to nuci7.o(i.Bikedrive) for Bikedrive
    balance.o(i.TIM3_IRQHandler) refers to nuci7.o(i.Nuci7Write) for Nuci7Write
    balance.o(i.balanceCalc) refers to dmul.o(x$fpl$dmul) for __aeabi_dmul
    balance.o(i.balanceCalc) refers to sin.o(i.__hardfp_sin) for __hardfp_sin
    balance.o(i.balanceCalc) refers to cos.o(i.__hardfp_cos) for __hardfp_cos
    balance.o(i.balanceCalc) refers to basic.o(x$fpl$basic) for __aeabi_dneg
    balance.o(i.balanceCalc) refers to daddsub_clz.o(x$fpl$dadd) for __aeabi_dadd
    balance.o(i.balanceCalc) refers to ddiv.o(x$fpl$ddiv) for __aeabi_ddiv
    balance.o(i.balanceCalc) refers to daddsub_clz.o(x$fpl$dsub) for __aeabi_dsub
    balance.o(i.balanceCalc) refers to balance.o(.bss) for bikebot
    balance.o(i.balanceCalc) refers to balance.o(.data) for i
    balance.o(i.balanceCalc) refers to balance.o(i.solution) for solution
    balance.o(i.balanceCalc) refers to atan.o(i.__hardfp_atan) for __hardfp_atan
    balance.o(i.balanceCalc) refers to drleqf.o(x$fpl$drleqf) for __aeabi_cdrcmple
    balance.o(i.balanceCalc) refers to dleqf.o(x$fpl$dleqf) for __aeabi_cdcmple
    balance.o(i.bikeMotion) refers to drleqf.o(x$fpl$drleqf) for __aeabi_cdrcmple
    balance.o(i.bikeMotion) refers to daddsub_clz.o(x$fpl$dsub) for __aeabi_dsub
    balance.o(i.bikeMotion) refers to dleqf.o(x$fpl$dleqf) for __aeabi_cdcmple
    balance.o(i.bikeMotion) refers to daddsub_clz.o(x$fpl$dadd) for __aeabi_dadd
[...]
    i.getVelocityLimit                       0x08005e04   Section        0  sca_api.o(i.getVelocityLimit)
    i.getVelocityUmax                        0x08005e68   Section        0  sca_api.o(i.getVelocityUmax)
    i.getVelocityUmin                        0x08005ecc   Section        0  sca_api.o(i.getVelocityUmin)
    i.getVoltage                             0x08005f30   Section        0  sca_api.o(i.getVoltage)
    i.isCurrentFilterEnable                  0x08005f94   Section        0  sca_api.o(i.isCurrentFilterEnable)
    i.isEnable                               0x08005ff4   Section        0  sca_api.o(i.isEnable)
    i.isPositionFilterEnable                 0x08006054   Section        0  sca_api.o(i.isPositionFilterEnable)
    i.isPositionLimitEnable                  0x080060b4   Section        0  sca_api.o(i.isPositionLimitEnable)
    i.isVelocityFilterEnable                 0x08006114   Section        0  sca_api.o(i.isVelocityFilterEnable)
    i.main                                   0x08006174   Section        0  main.o(i.main)
    i.motorInit                              0x08006244   Section        0  main.o(i.motorInit)
    i.read_encoder                           0x08006280   Section        0  encoder.o(i.read_encoder)
    i.ready_light                            0x08006290   Section        0  led.o(i.ready_light)
    i.regainAttrbute                         0x080062b4   Section        0  sca_api.o(i.regainAttrbute)
    i.requestCVPValue                        0x080063f4   Section        0  sca_api.o(i.requestCVPValue)
    i.requestCVPValueFast                    0x08006458   Section        0  sca_api.o(i.requestCVPValueFast)
    i.setDriver                              0x080064ac   Section        0  wheel.o(i.setDriver)
    i.setPosition                            0x080064e8   Section        0  sca_api.o(i.setPosition)
    i.setPositionFast                        0x08006516   Section        0  sca_api.o(i.setPositionFast)
    i.setPositionKp                          0x08006534   Section        0  sca_api.o(i.setPositionKp)
    i.setProfilePositionAcceleration         0x080065ac   Section        0  sca_api.o(i.setProfilePositionAcceleration)
    i.setProfilePositionDeceleration         0x08006634   Section        0  sca_api.o(i.setProfilePositionDeceleration)
    i.setProfilePositionMaxVelocity          0x080066bc   Section        0  sca_api.o(i.setProfilePositionMaxVelocity)
    i.setVelocityKp                          0x08006744   Section        0  sca_api.o(i.setVelocityKp)
    i.setupActuators                         0x080067bc   Section        0  sca_api.o(i.setupActuators)
    i.uart_init                              0x08006800   Section        0  usart.o(i.uart_init)
    i.warnBitAnaly                           0x08006874   Section        0  sca_protocol.o(i.warnBitAnaly)
    i.wheelInit                              0x080069c8   Section        0  wheel.o(i.wheelInit)
    i.wheelSet                               0x080069ec   Section        0  wheel.o(i.wheelSet)
    locale$$code                             0x08006a10   Section       44  lc_numeric_c.o(locale$$code)
    x$fpl$d2f                                0x08006a3c   Section       98  d2f.o(x$fpl$d2f)
    $v0                                      0x08006a3c   Number         0  d2f.o(x$fpl$d2f)
    x$fpl$ddiv                               0x08006aa0   Section      688  ddiv.o(x$fpl$ddiv)
    $v0                                      0x08006aa0   Number         0  ddiv.o(x$fpl$ddiv)
    ddiv_entry                               0x08006aa7   Thumb Code     0  ddiv.o(x$fpl$ddiv)
    x$fpl$dfixu                              0x08006d50   Section       90  dfixu.o(x$fpl$dfixu)
    $v0                                      0x08006d50   Number         0  dfixu.o(x$fpl$dfixu)
    x$fpl$dfltu                              0x08006daa   Section       38  dflt_clz.o(x$fpl$dfltu)
    $v0                                      0x08006daa   Number         0  dflt_clz.o(x$fpl$dfltu)
    x$fpl$dmul                               0x08006dd0   Section      340  dmul.o(x$fpl$dmul)
    $v0                                      0x08006dd0   Number         0  dmul.o(x$fpl$dmul)
    x$fpl$dnaninf                            0x08006f24   Section      156  dnaninf.o(x$fpl$dnaninf)
    $v0                                      0x08006f24   Number         0  dnaninf.o(x$fpl$dnaninf)
    x$fpl$dretinf                            0x08006fc0   Section       12  dretinf.o(x$fpl$dretinf)
    $v0                                      0x08006fc0   Number         0  dretinf.o(x$fpl$dretinf)
    x$fpl$f2d                                0x08006fcc   Section       86  f2d.o(x$fpl$f2d)
    $v0                                      0x08006fcc   Number         0  f2d.o(x$fpl$f2d)
    x$fpl$fnaninf                            0x08007022   Section      140  fnaninf.o(x$fpl$fnaninf)
    $v0                                      0x08007022   Number         0  fnaninf.o(x$fpl$fnaninf)
    x$fpl$fpinit                             0x080070ae   Section       10  fpinit.o(x$fpl$fpinit)
    $v0                                      0x080070ae   Number         0  fpinit.o(x$fpl$fpinit)
    x$fpl$fretinf                            0x080070b8   Section       10  fretinf.o(x$fpl$fretinf)
    $v0                                      0x080070b8   Number         0  fretinf.o(x$fpl$fretinf)
    x$fpl$printf1                            0x080070c2   Section        4  printf1.o(x$fpl$printf1)
    $v0                                      0x080070c2   Number         0  printf1.o(x$fpl$printf1)
    .constdata                               0x080070c6   Section       16  stm32f4xx_hal_rcc.o(.constdata)
    x$fpl$usenofp                            0x080070c6   Section        0  usenofp.o(x$fpl$usenofp)
    .constdata                               0x080070d6   Section       17  __printf_flags_wp.o(.constdata)
    maptable                                 0x080070d6   Data          17  __printf_flags_wp.o(.constdata)
    .constdata                               0x080070e8   Section      148  bigflt0.o(.constdata)
    tenpwrs_x                                0x080070e8   Data          60  bigflt0.o(.constdata)
    tenpwrs_i                                0x08007124   Data          64  bigflt0.o(.constdata)
    .conststring                             0x0800717c   Section      137  sca_api.o(.conststring)
    locale$$data                             0x08007228   Section       28  lc_numeric_c.o(locale$$data)
    __lcnum_c_name                           0x0800722c   Data           2  lc_numeric_c.o(locale$$data)
    __lcnum_c_start                          0x08007234   Data           0  lc_numeric_c.o(locale$$data)
    __lcnum_c_point                          0x08007240   Data           0  lc_numeric_c.o(locale$$data)
    __lcnum_c_thousands                      0x08007242   Data           0  lc_numeric_c.o(locale$$data)
    __lcnum_c_grouping                       0x08007243   Data           0  lc_numeric_c.o(locale$$data)
    __lcnum_c_end                            0x08007244   Data           0  lc_numeric_c.o(locale$$data)
    .data                                    0x20000000   Section       20  system_stm32f4xx.o(.data)
    .data                                    0x20000014   Section        4  stm32f4xx_hal.o(.data)
    uwTick                                   0x20000014   Data           4  stm32f4xx_hal.o(.data)
    .data                                    0x20000018   Section        4  delay.o(.data)
    fac_us                                   0x20000018   Data           4  delay.o(.data)
    .data                                    0x2000001c   Section        5  usart.o(.data)
    .data                                    0x20000022   Section       33  jy901.o(.data)
    ucRxCnt                                  0x20000042   Data           1  jy901.o(.data)
    .data                                    0x20000044   Section        4  sca_api.o(.data)
    i                                        0x20000044   Data           4  sca_api.o(.data)
    .data                                    0x20000048   Section       12  sca_app.o(.data)
    .data                                    0x20000054   Section       17  nuci7.o(.data)
    nucRxCnt                                 0x20000064   Data           1  nuci7.o(.data)
    .bss                                     0x20000068   Section      192  usart.o(.bss)
    .bss                                     0x20000128   Section       12  jy901.o(.bss)
    ucRxBuffer                               0x20000128   Data          12  jy901.o(.bss)
    .bss                                     0x20000134   Section      128  can.o(.bss)
    .bss                                     0x200001b4   Section      392  sca_api.o(.bss)
    .bss                                     0x2000033c   Section       12  wheel.o(.bss)
    .bss                                     0x20000348   Section       60  timer.o(.bss)
    .bss                                     0x20000384   Section       20  dac.o(.bss)
    .bss                                     0x20000398   Section       96  encoder.o(.bss)
    .bss                                     0x200003f8   Section       35  nuci7.o(.bss)
    nucRxBuffer                              0x20000412   Data           9  nuci7.o(.bss)
    .bss                                     0x2000041c   Section       96  libspace.o(.bss)
    HEAP                                     0x20000480   Section      512  startup_stm32f429xx.o(HEAP)
    Heap_Mem                                 0x20000480   Data         512  startup_stm32f429xx.o(HEAP)
    STACK                                    0x20000680   Section     1024  startup_stm32f429xx.o(STACK)
    Stack_Mem                                0x20000680   Data        1024  startup_stm32f429xx.o(STACK)
    __initial_sp                             0x20000a80   Data           0  startup_stm32f429xx.o(STACK)

    Global Symbols

    Symbol Name                              Value     Ov Type        Size  Object(Section)

    BuildAttributes$$THM_ISAv4$E$P$D$K$B$S$7EM$VFPi3$EXTD16$VFPS$VFMA$PE$A:L22UL41UL21$X:L11$S22US41US21$IEEE1$IW$USESV6$~STKCKD$USESV7$~SHL$OTIME$ROPI$IEEEX$EBA8$UX$STANDARDLIB$REQ8$PRES8$EABIv2 0x00000000   Number         0  anon$$obj.o ABSOLUTE
    __ARM_use_no_argv                        0x00000000   Number         0  main.o ABSOLUTE
    _printf_flags                            0x00000000   Number         0  printf_stubs.o ABSOLUTE
    _printf_return_value                     0x00000000   Number         0  printf_stubs.o ABSOLUTE
    _printf_sizespec                         0x00000000   Number         0  printf_stubs.o ABSOLUTE
    _printf_widthprec                        0x00000000   Number         0  printf_stubs.o ABSOLUTE
    __ARM_exceptions_init                     - Undefined Weak Reference
    __alloca_initialize                       - Undefined Weak Reference
    __arm_preinit_                            - Undefined Weak Reference
    __cpp_initialize__aeabi_                  - Undefined Weak Reference
    __cxa_finalize                            - Undefined Weak Reference
    __sigvec_lookup                           - Undefined Weak Reference
    _atexit_init                              - Undefined Weak Reference
    _call_atexit_fns                          - Undefined Weak Reference
    _clock_init                               - Undefined Weak Reference
    _fp_trap_init                             - Undefined Weak Reference
    _fp_trap_shutdown                         - Undefined Weak Reference
    _get_lc_collate                           - Undefined Weak Reference
    _get_lc_ctype                             - Undefined Weak Reference
    _get_lc_monetary                          - Undefined Weak Reference
    _get_lc_time                              - Undefined Weak Reference
    _getenv_init                              - Undefined Weak Reference
    _handle_redirection                       - Undefined Weak Reference
    _init_alloc                               - Undefined Weak Reference
    _init_user_alloc                          - Undefined Weak Reference
    _initio                                   - Undefined Weak Reference
    _mutex_acquire                            - Undefined Weak Reference
    _mutex_release                            - Undefined Weak Reference
    _printf_truncate_signed                   - Undefined Weak Reference
    _printf_truncate_unsigned                 - Undefined Weak Reference
    _rand_init                                - Undefined Weak Reference
    _signal_finish                            - Undefined Weak Reference
    _signal_init                              - Undefined Weak Reference
    _terminate_alloc                          - Undefined Weak Reference
    _terminate_user_alloc                     - Undefined Weak Reference
    _terminateio                              - Undefined Weak Reference
    __Vectors_Size                           0x000001ac   Number         0  startup_stm32f429xx.o ABSOLUTE
    __Vectors                                0x08000000   Data           4  startup_stm32f429xx.o(RESET)
    __Vectors_End                            0x080001ac   Data           0  startup_stm32f429xx.o(RESET)
    __main                                   0x080001ad   Thumb Code     8  __main.o(!!!main)
    __scatterload                            0x080001b5   Thumb Code     0  __scatter.o(!!!scatter)
    __scatterload_rt2                        0x080001b5   Thumb Code    44  __scatter.o(!!!scatter)
    __scatterload_rt2_thumb_only             0x080001b5   Thumb Code     0  __scatter.o(!!!scatter)
    __scatterload_null                       0x080001c3   Thumb Code     0  __scatter.o(!!!scatter)
    __scatterload_copy                       0x080001e9   Thumb Code    26  __scatter_copy.o(!!handler_copy)
    __scatterload_zeroinit                   0x08000205   Thumb Code    28  __scatter_zi.o(!!handler_zi)
    _printf_f                                0x08000221   Thumb Code     0  _printf_f.o(.ARM.Collect$$_printf_percent$$00000003)
    _printf_percent                          0x08000221   Thumb Code     0  _printf_percent.o(.ARM.Collect$$_printf_percent$$00000000)
    _printf_d                                0x08000227   Thumb Code     0  _printf_d.o(.ARM.Collect$$_printf_percent$$00000009)
    _printf_percent_end                      0x0800022d   Thumb Code     0  _printf_percent_end.o(.ARM.Collect$$_printf_percent$$00000017)
    __rt_lib_init                            0x08000231   Thumb Code     0  libinit.o(.ARM.Collect$$libinit$$00000000)
    __rt_lib_init_fp_1                       0x08000233   Thumb Code     0  libinit2.o(.ARM.Collect$$libinit$$00000001)
    __rt_lib_init_heap_1                     0x08000237   Thumb Code     0  libinit2.o(.ARM.Collect$$libinit$$0000000A)
    __rt_lib_init_lc_common                  0x08000237   Thumb Code     0  libinit2.o(.ARM.Collect$$libinit$$0000000F)
    __rt_lib_init_preinit_1                  0x08000237   Thumb Code     0  libinit2.o(.ARM.Collect$$libinit$$00000004)
    __rt_lib_init_rand_1                     0x08000237   Thumb Code     0  libinit2.o(.ARM.Collect$$libinit$$0000000E)
    __rt_lib_init_user_alloc_1               0x08000237   Thumb Code     0  libinit2.o(.ARM.Collect$$libinit$$0000000C)
    __rt_lib_init_lc_collate_1               0x0800023d   Thumb Code     0  libinit2.o(.ARM.Collect$$libinit$$00000011)
    __rt_lib_init_lc_ctype_1                 0x0800023d   Thumb Code     0  libinit2.o(.ARM.Collect$$libinit$$00000013)
    __rt_lib_init_lc_monetary_1              0x0800023d   Thumb Code     0  libinit2.o(.ARM.Collect$$libinit$$00000015)
    __rt_lib_init_lc_numeric_2               0x0800023d   Thumb Code     0  libinit2.o(.ARM.Collect$$libinit$$00000016)
    __rt_lib_init_alloca_1                   0x08000247   Thumb Code     0  libinit2.o(.ARM.Collect$$libinit$$0000002E)
    __rt_lib_init_argv_1                     0x08000247   Thumb Code     0  libinit2.o(.ARM.Collect$$libinit$$0000002C)
    __rt_lib_init_atexit_1                   0x08000247   Thumb Code     0  libinit2.o(.ARM.Collect$$libinit$$0000001B)
    __rt_lib_init_clock_1                    0x08000247   Thumb Code     0  libinit2.o(.ARM.Collect$$libinit$$00000021)
    __rt_lib_init_cpp_1                      0x08000247   Thumb Code     0  libinit2.o(.ARM.Collect$$libinit$$00000032)
    __rt_lib_init_exceptions_1               0x08000247   Thumb Code     0  libinit2.o(.ARM.Collect$$libinit$$00000030)
    __rt_lib_init_fp_trap_1                  0x08000247   Thumb Code     0  libinit2.o(.ARM.Collect$$libinit$$0000001F)
    __rt_lib_init_getenv_1                   0x08000247   Thumb Code     0  libinit2.o(.ARM.Collect$$libinit$$00000023)
    __rt_lib_init_lc_numeric_1               0x08000247   Thumb Code     0  libinit2.o(.ARM.Collect$$libinit$$00000017)
    __rt_lib_init_lc_time_1                  0x08000247   Thumb Code     0  libinit2.o(.ARM.Collect$$libinit$$00000019)
    __rt_lib_init_return                     0x08000247   Thumb Code     0  libinit2.o(.ARM.Collect$$libinit$$00000033)
    __rt_lib_init_signal_1                   0x08000247   Thumb Code     0  libinit2.o(.ARM.Collect$$libinit$$0000001D)
    __rt_lib_init_stdio_1                    0x08000247   Thumb Code     0  libinit2.o(.ARM.Collect$$libinit$$00000025)
    __rt_lib_shutdown                        0x08000249   Thumb Code     0  libshutdown.o(.ARM.Collect$$libshutdown$$00000000)
    __rt_lib_shutdown_cpp_1                  0x0800024b   Thumb Code     0  libshutdown2.o(.ARM.Collect$$libshutdown$$00000002)
    __rt_lib_shutdown_fp_trap_1              0x0800024b   Thumb Code     0  libshutdown2.o(.ARM.Collect$$libshutdown$$00000007)
    __rt_lib_shutdown_heap_1                 0x0800024b   Thumb Code     0  libshutdown2.o(.ARM.Collect$$libshutdown$$0000000F)
    __rt_lib_shutdown_return                 0x0800024b   Thumb Code     0  libshutdown2.o(.ARM.Collect$$libshutdown$$00000010)
    __rt_lib_shutdown_signal_1               0x0800024b   Thumb Code     0  libshutdown2.o(.ARM.Collect$$libshutdown$$0000000A)
    __rt_lib_shutdown_stdio_1                0x0800024b   Thumb Code     0  libshutdown2.o(.ARM.Collect$$libshutdown$$00000004)
    __rt_lib_shutdown_user_alloc_1           0x0800024b   Thumb Code     0  libshutdown2.o(.ARM.Collect$$libshutdown$$0000000C)
    __rt_entry                               0x0800024d   Thumb Code     0  __rtentry.o(.ARM.Collect$$rtentry$$00000000)
    __rt_entry_presh_1                       0x0800024d   Thumb Code     0  __rtentry2.o(.ARM.Collect$$rtentry$$00000002)
    __rt_entry_sh                            0x0800024d   Thumb Code     0  __rtentry4.o(.ARM.Collect$$rtentry$$00000004)
    __rt_entry_li                            0x08000253   Thumb Code     0  __rtentry2.o(.ARM.Collect$$rtentry$$0000000A)
    __rt_entry_postsh_1                      0x08000253   Thumb Code     0  __rtentry2.o(.ARM.Collect$$rtentry$$00000009)
    __rt_entry_main                          0x08000257   Thumb Code     0  __rtentry2.o(.ARM.Collect$$rtentry$$0000000D)
    __rt_entry_postli_1                      0x08000257   Thumb Code     0  __rtentry2.o(.ARM.Collect$$rtentry$$0000000C)
    __rt_exit                                0x0800025f   Thumb Code     0  rtexit.o(.ARM.Collect$$rtexit$$00000000)
    __rt_exit_ls                             0x08000261   Thumb Code     0  rtexit2.o(.ARM.Collect$$rtexit$$00000003)
    __rt_exit_prels_1                        0x08000261   Thumb Code     0  rtexit2.o(.ARM.Collect$$rtexit$$00000002)
    __rt_exit_exit                           0x08000265   Thumb Code     0  rtexit2.o(.ARM.Collect$$rtexit$$00000004)
    Reset_Handler                            0x0800026d   Thumb Code     8  startup_stm32f429xx.o(.text)
    ADC_IRQHandler                           0x08000287   Thumb Code     0  startup_stm32f429xx.o(.text)
    CAN1_RX1_IRQHandler                      0x08000287   Thumb Code     0  startup_stm32f429xx.o(.text)
    CAN1_SCE_IRQHandler                      0x08000287   Thumb Code     0  startup_stm32f429xx.o(.text)
    CAN1_TX_IRQHandler                       0x08000287   Thumb Code     0  startup_stm32f429xx.o(.text)
    CAN2_RX0_IRQHandler                      0x08000287   Thumb Code     0  startup_stm32f429xx.o(.text)
    CAN2_RX1_IRQHandler                      0x08000287   Thumb Code     0  startup_stm32f429xx.o(.text)
    CAN2_SCE_IRQHandler                      0x08000287   Thumb Code     0  startup_stm32f429xx.o(.text)
    CAN2_TX_IRQHandler                       0x08000287   Thumb Code     0  startup_stm32f429xx.o(.text)
    DCMI_IRQHandler                          0x08000287   Thumb Code     0  startup_stm32f429xx.o(.text)
    DMA1_Stream0_IRQHandler                  0x08000287   Thumb Code     0  startup_stm32f429xx.o(.text)
    DMA1_Stream1_IRQHandler                  0x08000287   Thumb Code     0  startup_stm32f429xx.o(.text)
    DMA1_Stream2_IRQHandler                  0x08000287   Thumb Code     0  startup_stm32f429xx.o(.text)
    DMA1_Stream3_IRQHandler                  0x08000287   Thumb Code     0  startup_stm32f429xx.o(.text)
    DMA1_Stream4_IRQHandler                  0x08000287   Thumb Code     0  startup_stm32f429xx.o(.text)
    DMA1_Stream5_IRQHandler                  0x08000287   Thumb Code     0  startup_stm32f429xx.o(.text)
    DMA1_Stream6_IRQHandler                  0x08000287   Thumb Code     0  startup_stm32f429xx.o(.text)
    DMA1_Stream7_IRQHandler                  0x08000287   Thumb Code     0  startup_stm32f429xx.o(.text)
    DMA2D_IRQHandler                         0x08000287   Thumb Code     0  startup_stm32f429xx.o(.text)
    DMA2_Stream0_IRQHandler                  0x08000287   Thumb Code     0  startup_stm32f429xx.o(.text)
    DMA2_Stream1_IRQHandler                  0x08000287   Thumb Code     0  startup_stm32f429xx.o(.text)
    DMA2_Stream2_IRQHandler                  0x08000287   Thumb Code     0  startup_stm32f429xx.o(.text)
    DMA2_Stream3_IRQHandler                  0x08000287   Thumb Code     0  startup_stm32f429xx.o(.text)
    DMA2_Stream4_IRQHandler                  0x08000287   Thumb Code     0  startup_stm32f429xx.o(.text)
    DMA2_Stream5_IRQHandler                  0x08000287   Thumb Code     0  startup_stm32f429xx.o(.text)
    DMA2_Stream6_IRQHandler                  0x08000287   Thumb Code     0  startup_stm32f429xx.o(.text)
    DMA2_Stream7_IRQHandler                  0x08000287   Thumb Code     0  startup_stm32f429xx.o(.text)
    ETH_IRQHandler                           0x08000287   Thumb Code     0  startup_stm32f429xx.o(.text)
    ETH_WKUP_IRQHandler                      0x08000287   Thumb Code     0  startup_stm32f429xx.o(.text)
    EXTI0_IRQHandler                         0x08000287   Thumb Code     0  startup_stm32f429xx.o(.text)
    EXTI15_10_IRQHandler                     0x08000287   Thumb Code     0  startup_stm32f429xx.o(.text)
    EXTI1_IRQHandler                         0x08000287   Thumb Code     0  startup_stm32f429xx.o(.text)
    EXTI2_IRQHandler                         0x08000287   Thumb Code     0  startup_stm32f429xx.o(.text)
    EXTI3_IRQHandler                         0x08000287   Thumb Code     0  startup_stm32f429xx.o(.text)
    EXTI4_IRQHandler                         0x08000287   Thumb Code     0  startup_stm32f429xx.o(.text)
    EXTI9_5_IRQHandler                       0x08000287   Thumb Code     0  startup_stm32f429xx.o(.text)
    FLASH_IRQHandler                         0x08000287   Thumb Code     0  startup_stm32f429xx.o(.text)
    FMC_IRQHandler                           0x08000287   Thumb Code     0  startup_stm32f429xx.o(.text)
    FPU_IRQHandler                           0x08000287   Thumb Code     0  startup_stm32f429xx.o(.text)
    HASH_RNG_IRQHandler                      0x08000287   Thumb Code     0  startup_stm32f429xx.o(.text)
    I2C1_ER_IRQHandler                       0x08000287   Thumb Code     0  startup_stm32f429xx.o(.text)
    I2C1_EV_IRQHandler                       0x08000287   Thumb Code     0  startup_stm32f429xx.o(.text)
    I2C2_ER_IRQHandler                       0x08000287   Thumb Code     0  startup_stm32f429xx.o(.text)
    I2C2_EV_IRQHandler                       0x08000287   Thumb Code     0  startup_stm32f429xx.o(.text)
    I2C3_ER_IRQHandler                       0x08000287   Thumb Code     0  startup_stm32f429xx.o(.text)
    I2C3_EV_IRQHandler                       0x08000287   Thumb Code     0  startup_stm32f429xx.o(.text)
    LTDC_ER_IRQHandler                       0x08000287   Thumb Code     0  startup_stm32f429xx.o(.text)
    LTDC_IRQHandler                          0x08000287   Thumb Code     0  startup_stm32f429xx.o(.text)
    OTG_FS_IRQHandler                        0x08000287   Thumb Code     0  startup_stm32f429xx.o(.text)
    OTG_FS_WKUP_IRQHandler                   0x08000287   Thumb Code     0  startup_stm32f429xx.o(.text)
    OTG_HS_EP1_IN_IRQHandler                 0x08000287   Thumb Code     0  startup_stm32f429xx.o(.text)
    OTG_HS_EP1_OUT_IRQHandler                0x08000287   Thumb Code     0  startup_stm32f429xx.o(.text)
    OTG_HS_IRQHandler                        0x08000287   Thumb Code     0  startup_stm32f429xx.o(.text)
    OTG_HS_WKUP_IRQHandler                   0x08000287   Thumb Code     0  startup_stm32f429xx.o(.text)
    PVD_IRQHandler                           0x08000287   Thumb Code     0  startup_stm32f429xx.o(.text)
    RCC_IRQHandler                           0x08000287   Thumb Code     0  startup_stm32f429xx.o(.text)
    RTC_Alarm_IRQHandler                     0x08000287   Thumb Code     0  startup_stm32f429xx.o(.text)
    RTC_WKUP_IRQHandler                      0x08000287   Thumb Code     0  startup_stm32f429xx.o(.text)
    SAI1_IRQHandler                          0x08000287   Thumb Code     0  startup_stm32f429xx.o(.text)
    SDIO_IRQHandler                          0x08000287   Thumb Code     0  startup_stm32f429xx.o(.text)
    SPI1_IRQHandler                          0x08000287   Thumb Code     0  startup_stm32f429xx.o(.text)
    SPI2_IRQHandler                          0x08000287   Thumb Code     0  startup_stm32f429xx.o(.text)
    SPI3_IRQHandler                          0x08000287   Thumb Code     0  startup_stm32f429xx.o(.text)
    SPI4_IRQHandler                          0x08000287   Thumb Code     0  startup_stm32f429xx.o(.text)
    SPI5_IRQHandler                          0x08000287   Thumb Code     0  startup_stm32f429xx.o(.text)
    SPI6_IRQHandler                          0x08000287   Thumb Code     0  startup_stm32f429xx.o(.text)
    TAMP_STAMP_IRQHandler                    0x08000287   Thumb Code     0  startup_stm32f429xx.o(.text)
    TIM1_BRK_TIM9_IRQHandler                 0x08000287   Thumb Code     0  startup_stm32f429xx.o(.text)
    TIM1_CC_IRQHandler                       0x08000287   Thumb Code     0  startup_stm32f429xx.o(.text)
    TIM1_TRG_COM_TIM11_IRQHandler            0x08000287   Thumb Code     0  startup_stm32f429xx.o(.text)
    TIM1_UP_TIM10_IRQHandler                 0x08000287   Thumb Code     0  startup_stm32f429xx.o(.text)
    TIM2_IRQHandler                          0x08000287   Thumb Code     0  startup_stm32f429xx.o(.text)
    TIM4_IRQHandler                          0x08000287   Thumb Code     0  startup_stm32f429xx.o(.text)
    TIM5_IRQHandler                          0x08000287   Thumb Code     0  startup_stm32f429xx.o(.text)
    TIM6_DAC_IRQHandler                      0x08000287   Thumb Code     0  startup_stm32f429xx.o(.text)
    TIM7_IRQHandler                          0x08000287   Thumb Code     0  startup_stm32f429xx.o(.text)
    TIM8_BRK_TIM12_IRQHandler                0x08000287   Thumb Code     0  startup_stm32f429xx.o(.text)
    TIM8_CC_IRQHandler                       0x08000287   Thumb Code     0  startup_stm32f429xx.o(.text)
    TIM8_TRG_COM_TIM14_IRQHandler            0x08000287   Thumb Code     0  startup_stm32f429xx.o(.text)
    TIM8_UP_TIM13_IRQHandler                 0x08000287   Thumb Code     0  startup_stm32f429xx.o(.text)
    UART4_IRQHandler                         0x08000287   Thumb Code     0  startup_stm32f429xx.o(.text)
    UART5_IRQHandler                         0x08000287   Thumb Code     0  startup_stm32f429xx.o(.text)
    UART7_IRQHandler                         0x08000287   Thumb Code     0  startup_stm32f429xx.o(.text)
    UART8_IRQHandler                         0x08000287   Thumb Code     0  startup_stm32f429xx.o(.text)
    USART6_IRQHandler                        0x08000287   Thumb Code     0  startup_stm32f429xx.o(.text)
    WWDG_IRQHandler                          0x08000287   Thumb Code     0  startup_stm32f429xx.o(.text)
    __user_initial_stackheap                 0x08000289   Thumb Code     0  startup_stm32f429xx.o(.text)
    __use_no_semihosting                     0x080002ad   Thumb Code     2  use_no_semi_2.o(.text)
    __2printf                                0x080002b1   Thumb Code    20  noretval__2printf.o(.text)
    _printf_int_dec                          0x080002c9   Thumb Code   104  _printf_dec.o(.text)
    __printf                                 0x08000341   Thumb Code   308  __printf_flags_wp.o(.text)
    __use_two_region_memory                  0x08000479   Thumb Code     2  heapauxi.o(.text)
    __rt_heap_escrow$2region                 0x0800047b   Thumb Code     2  heapauxi.o(.text)
    __rt_heap_expand$2region                 0x0800047d   Thumb Code     2  heapauxi.o(.text)
    __I$use$semihosting                      0x0800047f   Thumb Code     0  use_no_semi.o(.text)
    __use_no_semihosting_swi                 0x0800047f   Thumb Code     2  use_no_semi.o(.text)
    _printf_int_common                       0x08000481   Thumb Code   178  _printf_intcommon.o(.text)
    __lib_sel_fp_printf                      0x08000533   Thumb Code     2  _printf_fp_dec.o(.text)
    _printf_fp_dec_real                      0x080006e1   Thumb Code   620  _printf_fp_dec.o(.text)
    _printf_char_file                        0x0800094d   Thumb Code    32  _printf_char_file.o(.text)
    __rt_locale                              0x08000971   Thumb Code     8  rt_locale_intlibspace.o(.text)
    _ll_udiv10                               0x08000979   Thumb Code   138  lludiv10.o(.text)
    _printf_char_common                      0x08000a0f   Thumb Code    32  _printf_char_common.o(.text)
    _printf_fp_infnan                        0x08000a35   Thumb Code   112  _printf_fp_infnan.o(.text)
    _btod_etento                             0x08000ab5   Thumb Code   216  bigflt0.o(.text)
    ferror                                   0x08000b91   Thumb Code     8  ferror.o(.text)
    __user_libspace                          0x08000b99   Thumb Code     8  libspace.o(.text)
    __user_perproc_libspace                  0x08000b99   Thumb Code     0  libspace.o(.text)
    __user_perthread_libspace                0x08000b99   Thumb Code     0  libspace.o(.text)
    __user_setup_stackheap                   0x08000ba1   Thumb Code    74  sys_stackheap_outer.o(.text)
    exit                                     0x08000beb   Thumb Code    18  exit.o(.text)
    strcmp                                   0x08000bfd   Thumb Code   128  strcmpv7m.o(.text)
    _btod_d2e                                0x08000c7d   Thumb Code    62  btod.o(CL$$btod_d2e)
    _d2e_denorm_low                          0x08000cbb   Thumb Code    70  btod.o(CL$$btod_d2e_denorm_low)
    _d2e_norm_op1                            0x08000d01   Thumb Code    96  btod.o(CL$$btod_d2e_norm_op1)
    __btod_div_common                        0x08000d61   Thumb Code   696  btod.o(CL$$btod_div_common)
    _e2e                                     0x08001099   Thumb Code   198  btod.o(CL$$btod_e2e)
    _btod_ediv                               0x0800115f   Thumb Code    40  btod.o(CL$$btod_ediv)
    _btod_emul                               0x08001187   Thumb Code    40  btod.o(CL$$btod_emul)
    __btod_mult_common                       0x080011af   Thumb Code   580  btod.o(CL$$btod_mult_common)
    Bikedrive                                0x080013f5   Thumb Code    66  nuci7.o(i.Bikedrive)
    BusFault_Handler                         0x08001449   Thumb Code     4  stm32f4xx_it.o(i.BusFault_Handler)
    CAN1_Mode_Init                           0x0800144d   Thumb Code   122  can.o(i.CAN1_Mode_Init)
    CAN1_RX0_IRQHandler                      0x080014d9   Thumb Code    10  can.o(i.CAN1_RX0_IRQHandler)
    CAN1_Send_Msg                            0x080014e9   Thumb Code    86  can.o(i.CAN1_Send_Msg)
    DAC1_Init                                0x08001761   Thumb Code    42  dac.o(i.DAC1_Init)
    DAC1_Set_Vol                             0x08001795   Thumb Code   102  dac.o(i.DAC1_Set_Vol)
    DebugMon_Handler                         0x08001819   Thumb Code     2  stm32f4xx_it.o(i.DebugMon_Handler)
    ENPort_Init                              0x0800181d   Thumb Code    72  wheel.o(i.ENPort_Init)
    Encoder_Init                             0x0800186d   Thumb Code    14  encoder.o(i.Encoder_Init)
    Encoder_TIM_Init                         0x0800187d   Thumb Code    72  encoder.o(i.Encoder_TIM_Init)
    HAL_CAN_ConfigFilter                     0x080018d1   Thumb Code   294  stm32f4xx_hal_can.o(i.HAL_CAN_ConfigFilter)
    HAL_CAN_ErrorCallback                    0x080019fd   Thumb Code     2  stm32f4xx_hal_can.o(i.HAL_CAN_ErrorCallback)
    HAL_CAN_IRQHandler                       0x08001a01   Thumb Code   446  stm32f4xx_hal_can.o(i.HAL_CAN_IRQHandler)
    HAL_CAN_Init                             0x08001bcd   Thumb Code   448  stm32f4xx_hal_can.o(i.HAL_CAN_Init)
    HAL_CAN_MspInit                          0x08001d8d   Thumb Code   140  can.o(i.HAL_CAN_MspInit)
    HAL_CAN_RxCpltCallback                   0x08001e25   Thumb Code    30  can.o(i.HAL_CAN_RxCpltCallback)
    HAL_CAN_Transmit                         0x08001e49   Thumb Code   594  stm32f4xx_hal_can.o(i.HAL_CAN_Transmit)
    HAL_CAN_TxCpltCallback                   0x080020a9   Thumb Code     2  stm32f4xx_hal_can.o(i.HAL_CAN_TxCpltCallback)
    HAL_DAC_ConfigChannel                    0x080020ab   Thumb Code    90  stm32f4xx_hal_dac.o(i.HAL_DAC_ConfigChannel)
    HAL_DAC_Init                             0x08002105   Thumb Code    40  stm32f4xx_hal_dac.o(i.HAL_DAC_Init)
    HAL_DAC_MspInit                          0x0800212d   Thumb Code    98  dac.o(i.HAL_DAC_MspInit)
    HAL_DAC_SetValue                         0x08002199   Thumb Code    44  stm32f4xx_hal_dac.o(i.HAL_DAC_SetValue)
    HAL_DAC_Start                            0x080021c5   Thumb Code   140  stm32f4xx_hal_dac.o(i.HAL_DAC_Start)
    HAL_GPIO_Init                            0x08002251   Thumb Code   486  stm32f4xx_hal_gpio.o(i.HAL_GPIO_Init)
    HAL_GPIO_ReadPin                         0x0800246d   Thumb Code    16  stm32f4xx_hal_gpio.o(i.HAL_GPIO_ReadPin)
    HAL_GPIO_WritePin                        0x0800247d   Thumb Code    12  stm32f4xx_hal_gpio.o(i.HAL_GPIO_WritePin)
    HAL_GetTick                              0x08002489   Thumb Code     6  stm32f4xx_hal.o(i.HAL_GetTick)
    HAL_IncTick                              0x08002495   Thumb Code    12  stm32f4xx_hal.o(i.HAL_IncTick)
    HAL_Init                                 0x080024a5   Thumb Code    54  stm32f4xx_hal.o(i.HAL_Init)
    HAL_InitTick                             0x080024e1   Thumb Code    36  stm32f4xx_hal.o(i.HAL_InitTick)
    HAL_MspInit                              0x08002505   Thumb Code    10  stm32f4xx_hal.o(i.HAL_MspInit)
    HAL_NVIC_EnableIRQ                       0x0800250f   Thumb Code    26  stm32f4xx_hal_cortex.o(i.HAL_NVIC_EnableIRQ)
    HAL_NVIC_SetPriority                     0x08002529   Thumb Code   124  stm32f4xx_hal_cortex.o(i.HAL_NVIC_SetPriority)
    HAL_NVIC_SetPriorityGrouping             0x080025a5   Thumb Code    32  stm32f4xx_hal_cortex.o(i.HAL_NVIC_SetPriorityGrouping)
    HAL_PWREx_EnableOverDrive                0x080025cd   Thumb Code   152  stm32f4xx_hal_pwr_ex.o(i.HAL_PWREx_EnableOverDrive)
    HAL_RCC_ClockConfig                      0x08002671   Thumb Code   680  stm32f4xx_hal_rcc.o(i.HAL_RCC_ClockConfig)
    HAL_RCC_GetHCLKFreq                      0x08002921   Thumb Code    42  stm32f4xx_hal_rcc.o(i.HAL_RCC_GetHCLKFreq)
    HAL_RCC_GetPCLK1Freq                     0x08002959   Thumb Code    36  stm32f4xx_hal_rcc.o(i.HAL_RCC_GetPCLK1Freq)
    HAL_RCC_GetPCLK2Freq                     0x08002985   Thumb Code    36  stm32f4xx_hal_rcc.o(i.HAL_RCC_GetPCLK2Freq)
    HAL_RCC_GetSysClockFreq                  0x080029b1   Thumb Code   168  stm32f4xx_hal_rcc.o(i.HAL_RCC_GetSysClockFreq)
    HAL_RCC_OscConfig                        0x08002a65   Thumb Code  1032  stm32f4xx_hal_rcc.o(i.HAL_RCC_OscConfig)
    HAL_SYSTICK_CLKSourceConfig              0x08002e6d   Thumb Code    40  stm32f4xx_hal_cortex.o(i.HAL_SYSTICK_CLKSourceConfig)
    HAL_SYSTICK_Config                       0x08002e95   Thumb Code    52  stm32f4xx_hal_cortex.o(i.HAL_SYSTICK_Config)
    HAL_TIM_Base_Init                        0x08002ec9   Thumb Code    52  stm32f4xx_hal_tim.o(i.HAL_TIM_Base_Init)
    HAL_TIM_Base_MspInit                     0x08002efd   Thumb Code    62  timer.o(i.HAL_TIM_Base_MspInit)
    HAL_TIM_Base_Stop_IT                     0x08002f45   Thumb Code    56  stm32f4xx_hal_tim.o(i.HAL_TIM_Base_Stop_IT)
    HAL_TIM_Encoder_Init                     0x08002f7d   Thumb Code   180  stm32f4xx_hal_tim.o(i.HAL_TIM_Encoder_Init)
    HAL_TIM_Encoder_MspInit                  0x08003031   Thumb Code   112  encoder.o(i.HAL_TIM_Encoder_MspInit)
    HAL_TIM_Encoder_Start                    0x080030ad   Thumb Code    78  stm32f4xx_hal_tim.o(i.HAL_TIM_Encoder_Start)
    HAL_UART_ErrorCallback                   0x080030fb   Thumb Code     2  stm32f4xx_hal_uart.o(i.HAL_UART_ErrorCallback)
    HAL_UART_GetState                        0x080030fd   Thumb Code     8  stm32f4xx_hal_uart.o(i.HAL_UART_GetState)
    HAL_UART_IRQHandler                      0x08003105   Thumb Code   304  stm32f4xx_hal_uart.o(i.HAL_UART_IRQHandler)
    HAL_UART_Init                            0x08003235   Thumb Code   110  stm32f4xx_hal_uart.o(i.HAL_UART_Init)
    HAL_UART_MspInit                         0x080032a5   Thumb Code   414  usart.o(i.HAL_UART_MspInit)
    HAL_UART_Receive_IT                      0x0800345d   Thumb Code   134  stm32f4xx_hal_uart.o(i.HAL_UART_Receive_IT)
    HAL_UART_RxCpltCallback                  0x080034e5   Thumb Code    40  usart.o(i.HAL_UART_RxCpltCallback)
    HAL_UART_Transmit                        0x08003519   Thumb Code   240  stm32f4xx_hal_uart.o(i.HAL_UART_Transmit)
    HAL_UART_TxCpltCallback                  0x08003609   Thumb Code     2  stm32f4xx_hal_uart.o(i.HAL_UART_TxCpltCallback)
    HardFault_Handler                        0x0800360b   Thumb Code     4  stm32f4xx_it.o(i.HardFault_Handler)
    JYread                                   0x08003611   Thumb Code   102  jy901.o(i.JYread)
    KEY_Init                                 0x0800368d   Thumb Code   162  key.o(i.KEY_Init)
    LED0_OFF                                 0x08003741   Thumb Code    14  led.o(i.LED0_OFF)
    LED0_ON                                  0x08003755   Thumb Code    14  led.o(i.LED0_ON)
    LED1_OFF                                 0x08003769   Thumb Code    14  led.o(i.LED1_OFF)
    LED1_ON                                  0x0800377d   Thumb Code    14  led.o(i.LED1_ON)
    LED_Init                                 0x08003791   Thumb Code    82  led.o(i.LED_Init)
    MemManage_Handler                        0x080037ed   Thumb Code     4  stm32f4xx_it.o(i.MemManage_Handler)
    NMI_Handler                              0x080037f1   Thumb Code     2  stm32f4xx_it.o(i.NMI_Handler)
    Nuci7Reset                               0x0800382d   Thumb Code    26  nuci7.o(i.Nuci7Reset)
    Nuci7Write                               0x08003851   Thumb Code   252  nuci7.o(i.Nuci7Write)
    Nuci7_callback                           0x08003989   Thumb Code    74  nuci7.o(i.Nuci7_callback)
    PendSV_Handler                           0x080039e9   Thumb Code     2  stm32f4xx_it.o(i.PendSV_Handler)
    SCA_Homing                               0x08003ef9   Thumb Code    98  sca_app.o(i.SCA_Homing)
    SCA_Init                                 0x08003f6d   Thumb Code    38  sca_app.o(i.SCA_Init)
    SCA_Read                                 0x08003fa1   Thumb Code    20  sca_protocol.o(i.SCA_Read)
    SCA_Set                                  0x08003fb5   Thumb Code    64  sca_app.o(i.SCA_Set)
    SCA_Write_1                              0x08004005   Thumb Code    28  sca_protocol.o(i.SCA_Write_1)
    SCA_Write_3                              0x08004021   Thumb Code   168  sca_protocol.o(i.SCA_Write_3)
    SVC_Handler                              0x080040d5   Thumb Code     2  stm32f4xx_it.o(i.SVC_Handler)
    Stm32_Clock_Init                         0x080040d9   Thumb Code   176  sys.o(i.Stm32_Clock_Init)
    SysTick_Handler                          0x08004191   Thumb Code     8  stm32f4xx_it.o(i.SysTick_Handler)
    SystemInit                               0x08004199   Thumb Code    82  system_stm32f4xx.o(i.SystemInit)
    TIM3_IRQHandler                          0x080041fd   Thumb Code    34  balance.o(i.TIM3_IRQHandler)
    TIM3_Init                                0x08004225   Thumb Code    30  timer.o(i.TIM3_Init)
    TIM_Base_SetConfig                       0x0800424d   Thumb Code   184  stm32f4xx_hal_tim.o(i.TIM_Base_SetConfig)
    TIM_CCxChannelCmd                        0x08004331   Thumb Code    28  stm32f4xx_hal_tim.o(i.TIM_CCxChannelCmd)
    USART1_IRQHandler                        0x080047c9   Thumb Code    66  usart.o(i.USART1_IRQHandler)
    USART2_IRQHandler                        0x08004819   Thumb Code    66  usart.o(i.USART2_IRQHandler)
    USART3_IRQHandler                        0x08004869   Thumb Code    66  usart.o(i.USART3_IRQHandler)
    UsageFault_Handler                       0x080048b9   Thumb Code     4  stm32f4xx_it.o(i.UsageFault_Handler)
    __ARM_fpclassify                         0x08004b81   Thumb Code    48  fpclassify.o(i.__ARM_fpclassify)
    _is_digit                                0x08004bb1   Thumb Code    14  __printf_wp.o(i._is_digit)
    _sys_exit                                0x08004bbf   Thumb Code     4  usart.o(i._sys_exit)
    activateActuatorMode                     0x08004bc3   Thumb Code   116  sca_api.o(i.activateActuatorMode)
    bikebotStop                              0x08004c39   Thumb Code    34  balance.o(i.bikebotStop)
    canDispatch                              0x08004c69   Thumb Code   464  sca_protocol.o(i.canDispatch)
    delay_init                               0x08004e71   Thumb Code    16  delay.o(i.delay_init)
    delay_ms                                 0x08004e85   Thumb Code    24  delay.o(i.delay_ms)
    delay_us                                 0x08004e9d   Thumb Code    68  delay.o(i.delay_us)
    disableActuator                          0x08004ee5   Thumb Code   110  sca_api.o(i.disableActuator)
    disableAllActuators                      0x08004f55   Thumb Code    34  sca_api.o(i.disableAllActuators)
    enableActuator                           0x08004f7d   Thumb Code   194  sca_api.o(i.enableActuator)
    enableAllActuators                       0x08005049   Thumb Code    34  sca_api.o(i.enableAllActuators)
    fputc                                    0x08005071   Thumb Code    22  usart.o(i.fputc)
    getActuatorLastState                     0x0800508d   Thumb Code    96  sca_api.o(i.getActuatorLastState)
    getActuatorMode                          0x080050ed   Thumb Code    96  sca_api.o(i.getActuatorMode)
    getActuatorSerialNumber                  0x0800514d   Thumb Code   100  sca_api.o(i.getActuatorSerialNumber)
    getCurrentCutoffFrequency                0x080051b1   Thumb Code   100  sca_api.o(i.getCurrentCutoffFrequency)
    getCurrentKi                             0x08005215   Thumb Code   100  sca_api.o(i.getCurrentKi)
    getCurrentKp                             0x08005279   Thumb Code   100  sca_api.o(i.getCurrentKp)
    getCurrentLimit                          0x080052dd   Thumb Code   100  sca_api.o(i.getCurrentLimit)
    getCurrentRange                          0x08005341   Thumb Code   100  sca_api.o(i.getCurrentRange)
    getErrorCode                             0x080053a5   Thumb Code   100  sca_api.o(i.getErrorCode)
    getInstance                              0x08005409   Thumb Code    50  sca_api.o(i.getInstance)
    getInverterProtectedTemperature          0x08005441   Thumb Code   100  sca_api.o(i.getInverterProtectedTemperature)
    getInverterRecoveryTemperature           0x080054a5   Thumb Code   100  sca_api.o(i.getInverterRecoveryTemperature)
    getInverterTemperature                   0x08005509   Thumb Code   100  sca_api.o(i.getInverterTemperature)
    getLockEnergy                            0x0800556d   Thumb Code   100  sca_api.o(i.getLockEnergy)
    getMaximumPosition                       0x080055d1   Thumb Code   100  sca_api.o(i.getMaximumPosition)
    getMinimumPosition                       0x08005635   Thumb Code   100  sca_api.o(i.getMinimumPosition)
    getMotorProtectedTemperature             0x08005699   Thumb Code   100  sca_api.o(i.getMotorProtectedTemperature)
    getMotorRecoveryTemperature              0x080056fd   Thumb Code   100  sca_api.o(i.getMotorRecoveryTemperature)
    getMotorTemperature                      0x08005761   Thumb Code   100  sca_api.o(i.getMotorTemperature)
    getPosition                              0x080057c5   Thumb Code   100  sca_api.o(i.getPosition)
    getPositionCutoffFrequency               0x08005829   Thumb Code   100  sca_api.o(i.getPositionCutoffFrequency)
    getPositionKi                            0x0800588d   Thumb Code   100  sca_api.o(i.getPositionKi)
    getPositionKp                            0x080058f1   Thumb Code   100  sca_api.o(i.getPositionKp)
    getPositionOffset                        0x08005955   Thumb Code   100  sca_api.o(i.getPositionOffset)
    getPositionUmax                          0x080059b9   Thumb Code   100  sca_api.o(i.getPositionUmax)
    getPositionUmin                          0x08005a1d   Thumb Code   100  sca_api.o(i.getPositionUmin)
    getProfilePositionAcceleration           0x08005a81   Thumb Code   100  sca_api.o(i.getProfilePositionAcceleration)
    getProfilePositionDeceleration           0x08005ae5   Thumb Code   100  sca_api.o(i.getProfilePositionDeceleration)
    getProfilePositionMaxVelocity            0x08005b49   Thumb Code   100  sca_api.o(i.getProfilePositionMaxVelocity)
    getProfileVelocityAcceleration           0x08005bad   Thumb Code   100  sca_api.o(i.getProfileVelocityAcceleration)
    getProfileVelocityDeceleration           0x08005c11   Thumb Code   100  sca_api.o(i.getProfileVelocityDeceleration)
    getProfileVelocityMaxVelocity            0x08005c75   Thumb Code   100  sca_api.o(i.getProfileVelocityMaxVelocity)
    getVelocityCutoffFrequency               0x08005cd9   Thumb Code   100  sca_api.o(i.getVelocityCutoffFrequency)
    getVelocityKi                            0x08005d3d   Thumb Code   100  sca_api.o(i.getVelocityKi)
    getVelocityKp                            0x08005da1   Thumb Code   100  sca_api.o(i.getVelocityKp)
    getVelocityLimit                         0x08005e05   Thumb Code   100  sca_api.o(i.getVelocityLimit)
    getVelocityUmax                          0x08005e69   Thumb Code   100  sca_api.o(i.getVelocityUmax)
    getVelocityUmin                          0x08005ecd   Thumb Code   100  sca_api.o(i.getVelocityUmin)
    getVoltage                               0x08005f31   Thumb Code   100  sca_api.o(i.getVoltage)
    isCurrentFilterEnable                    0x08005f95   Thumb Code    96  sca_api.o(i.isCurrentFilterEnable)
    isEnable                                 0x08005ff5   Thumb Code    96  sca_api.o(i.isEnable)
    isPositionFilterEnable                   0x08006055   Thumb Code    96  sca_api.o(i.isPositionFilterEnable)
    isPositionLimitEnable                    0x080060b5   Thumb Code    96  sca_api.o(i.isPositionLimitEnable)
    isVelocityFilterEnable                   0x08006115   Thumb Code    96  sca_api.o(i.isVelocityFilterEnable)
    main                                     0x08006175   Thumb Code   178  main.o(i.main)
    motorInit                                0x08006245   Thumb Code    60  main.o(i.motorInit)
    read_encoder                             0x08006281   Thumb Code    12  encoder.o(i.read_encoder)
    ready_light                              0x08006291   Thumb Code    36  led.o(i.ready_light)
    regainAttrbute                           0x080062b5   Thumb Code   320  sca_api.o(i.regainAttrbute)
    requestCVPValue                          0x080063f5   Thumb Code   100  sca_api.o(i.requestCVPValue)
    requestCVPValueFast                      0x08006459   Thumb Code    84  sca_api.o(i.requestCVPValueFast)
    setDriver                                0x080064ad   Thumb Code    52  wheel.o(i.setDriver)
    setPosition                              0x080064e9   Thumb Code    46  sca_api.o(i.setPosition)
    setPositionFast                          0x08006517   Thumb Code    30  sca_api.o(i.setPositionFast)
    setPositionKp                            0x08006535   Thumb Code   120  sca_api.o(i.setPositionKp)
    setProfilePositionAcceleration           0x080065ad   Thumb Code   132  sca_api.o(i.setProfilePositionAcceleration)
    setProfilePositionDeceleration           0x08006635   Thumb Code   132  sca_api.o(i.setProfilePositionDeceleration)
    setProfilePositionMaxVelocity            0x080066bd   Thumb Code   132  sca_api.o(i.setProfilePositionMaxVelocity)
    setVelocityKp                            0x08006745   Thumb Code   120  sca_api.o(i.setVelocityKp)
    setupActuators                           0x080067bd   Thumb Code    60  sca_api.o(i.setupActuators)
    uart_init                                0x08006801   Thumb Code    90  usart.o(i.uart_init)
    warnBitAnaly                             0x08006875   Thumb Code   338  sca_protocol.o(i.warnBitAnaly)
    wheelInit                                0x080069c9   Thumb Code    32  wheel.o(i.wheelInit)
    wheelSet                                 0x080069ed   Thumb Code    30  wheel.o(i.wheelSet)
    _get_lc_numeric                          0x08006a11   Thumb Code    44  lc_numeric_c.o(locale$$code)
    __aeabi_d2f                              0x08006a3d   Thumb Code     0  d2f.o(x$fpl$d2f)
    _d2f                                     0x08006a3d   Thumb Code    98  d2f.o(x$fpl$d2f)
    __aeabi_ddiv                             0x08006aa1   Thumb Code     0  ddiv.o(x$fpl$ddiv)
    _ddiv                                    0x08006aa1   Thumb Code   552  ddiv.o(x$fpl$ddiv)
    __aeabi_d2uiz                            0x08006d51   Thumb Code     0  dfixu.o(x$fpl$dfixu)
    _dfixu                                   0x08006d51   Thumb Code    90  dfixu.o(x$fpl$dfixu)
    __aeabi_ui2d                             0x08006dab   Thumb Code     0  dflt_clz.o(x$fpl$dfltu)
    _dfltu                                   0x08006dab   Thumb Code    38  dflt_clz.o(x$fpl$dfltu)
    __aeabi_dmul                             0x08006dd1   Thumb Code     0  dmul.o(x$fpl$dmul)
    _dmul                                    0x08006dd1   Thumb Code   332  dmul.o(x$fpl$dmul)
    __fpl_dnaninf                            0x08006f25   Thumb Code   156  dnaninf.o(x$fpl$dnaninf)
    __fpl_dretinf                            0x08006fc1   Thumb Code    12  dretinf.o(x$fpl$dretinf)
    __aeabi_f2d                              0x08006fcd   Thumb Code     0  f2d.o(x$fpl$f2d)
    _f2d                                     0x08006fcd   Thumb Code    86  f2d.o(x$fpl$f2d)
    __fpl_fnaninf                            0x08007023   Thumb Code   140  fnaninf.o(x$fpl$fnaninf)
    _fp_init                                 0x080070af   Thumb Code    10  fpinit.o(x$fpl$fpinit)
    __fplib_config_fpu_vfp                   0x080070b7   Thumb Code     0  fpinit.o(x$fpl$fpinit)
    __fplib_config_pureend_doubles           0x080070b7   Thumb Code     0  fpinit.o(x$fpl$fpinit)
    __fpl_fretinf                            0x080070b9   Thumb Code    10  fretinf.o(x$fpl$fretinf)
    _printf_fp_dec                           0x080070c3   Thumb Code     4  printf1.o(x$fpl$printf1)
    APBAHBPrescTable                         0x080070c6   Data          16  stm32f4xx_hal_rcc.o(.constdata)
    __I$use$fp                               0x080070c6   Number         0  usenofp.o(x$fpl$usenofp)
    Region$$Table$$Base                      0x08007208   Number         0  anon$$obj.o(Region$$Table)
    Region$$Table$$Limit                     0x08007228   Number         0  anon$$obj.o(Region$$Table)
    SystemCoreClock                          0x20000000   Data           4  system_stm32f4xx.o(.data)
    AHBPrescTable                            0x20000004   Data          16  system_stm32f4xx.o(.data)
    __stdout                                 0x2000001c   Data           4  usart.o(.data)
    aRxBuffer                                0x20000020   Data           1  usart.o(.data)
    stcTime                                  0x20000022   Data           8  jy901.o(.data)
    stcAcc                                   0x2000002a   Data           8  jy901.o(.data)
    stcGyro                                  0x20000032   Data           8  jy901.o(.data)
    stcAngle                                 0x2000003a   Data           8  jy901.o(.data)
    pSCA_ID1                                 0x20000048   Data           4  sca_app.o(.data)
    CAN_Port1                                0x2000004c   Data           8  sca_app.o(.data)
    bikecmd                                  0x20000054   Data           8  nuci7.o(.data)
    last_vel                                 0x2000005c   Data           4  nuci7.o(.data)
    itflag                                   0x20000060   Data           4  nuci7.o(.data)
    UART1_Handler                            0x20000068   Data          64  usart.o(.bss)
    UART2_Handler                            0x200000a8   Data          64  usart.o(.bss)
    UART3_Handler                            0x200000e8   Data          64  usart.o(.bss)
    CAN1_Handler                             0x20000134   Data          64  can.o(.bss)
    TxMessage                                0x20000174   Data          28  can.o(.bss)
    RxMessage                                0x20000190   Data          36  can.o(.bss)
    SCA_Handler_List                         0x200001b4   Data         392  sca_api.o(.bss)
    wheel                                    0x2000033c   Data          12  wheel.o(.bss)
    TIM3_Handler                             0x20000348   Data          60  timer.o(.bss)
    DAC1_Handler                             0x20000384   Data          20  dac.o(.bss)
    TIM4_Handler                             0x20000398   Data          60  encoder.o(.bss)
    sEncoderConfig                           0x200003d4   Data          36  encoder.o(.bss)
    bicycle                                  0x200003f8   Data          12  nuci7.o(.bss)
    TxBuffer                                 0x20000404   Data          14  nuci7.o(.bss)
    __libspace_start                         0x2000041c   Data          96  libspace.o(.bss)
    __temporary_stack_top$libspace           0x2000047c   Data           0  libspace.o(.bss)



==============================================================================

Memory Map of the image

  Image Entry point : 0x080001ad

  Load Region LR_IROM1 (Base: 0x08000000, Size: 0x000072ac, Max: 0x00100000, ABSOLUTE)

    Execution Region ER_IROM1 (Base: 0x08000000, Size: 0x00007244, Max: 0x00100000, ABSOLUTE)

    Base Addr    Size         Type   Attr      Idx    E Section Name        Object

    0x08000000   0x000001ac   Data   RO          603    RESET               startup_stm32f429xx.o
    0x080001ac   0x00000008   Code   RO         4539  * !!!main             c_w.l(__main.o)
    0x080001b4   0x00000034   Code   RO         4900    !!!scatter          c_w.l(__scatter.o)
    0x080001e8   0x0000001a   Code   RO         4902    !!handler_copy      c_w.l(__scatter_copy.o)
    0x08000202   0x00000002   PAD
    0x08000204   0x0000001c   Code   RO         4904    !!handler_zi        c_w.l(__scatter_zi.o)
    0x08000220   0x00000000   Code   RO         4532    .ARM.Collect$$_printf_percent$$00000000  c_w.l(_printf_percent.o)
    0x08000220   0x00000006   Code   RO         4531    .ARM.Collect$$_printf_percent$$00000003  c_w.l(_printf_f.o)
    0x08000226   0x00000006   Code   RO         4530    .ARM.Collect$$_printf_percent$$00000009  c_w.l(_printf_d.o)
    0x0800022c   0x00000004   Code   RO         4642    .ARM.Collect$$_printf_percent$$00000017  c_w.l(_printf_percent_end.o)
    0x08000230   0x00000002   Code   RO         4777    .ARM.Collect$$libinit$$00000000  c_w.l(libinit.o)
    0x08000232   0x00000004   Code   RO         4778    .ARM.Collect$$libinit$$00000001  c_w.l(libinit2.o)
    0x08000236   0x00000000   Code   RO         4781    .ARM.Collect$$libinit$$00000004  c_w.l(libinit2.o)
    0x08000236   0x00000000   Code   RO         4784    .ARM.Collect$$libinit$$0000000A  c_w.l(libinit2.o)
    0x08000236   0x00000000   Code   RO         4786    .ARM.Collect$$libinit$$0000000C  c_w.l(libinit2.o)
    0x08000236   0x00000000   Code   RO         4788    .ARM.Collect$$libinit$$0000000E  c_w.l(libinit2.o)
    0x08000236   0x00000006   Code   RO         4789    .ARM.Collect$$libinit$$0000000F  c_w.l(libinit2.o)
    0x0800023c   0x00000000   Code   RO         4791    .ARM.Collect$$libinit$$00000011  c_w.l(libinit2.o)
    0x0800023c   0x00000000   Code   RO         4793    .ARM.Collect$$libinit$$00000013  c_w.l(libinit2.o)
    0x0800023c   0x00000000   Code   RO         4795    .ARM.Collect$$libinit$$00000015  c_w.l(libinit2.o)
    0x0800023c   0x0000000a   Code   RO         4796    .ARM.Collect$$libinit$$00000016  c_w.l(libinit2.o)
    0x08000246   0x00000000   Code   RO         4797    .ARM.Collect$$libinit$$00000017  c_w.l(libinit2.o)
    0x08000246   0x00000000   Code   RO         4799    .ARM.Collect$$libinit$$00000019  c_w.l(libinit2.o)
    0x08000246   0x00000000   Code   RO         4801    .ARM.Collect$$libinit$$0000001B  c_w.l(libinit2.o)
    0x08000246   0x00000000   Code   RO         4803    .ARM.Collect$$libinit$$0000001D  c_w.l(libinit2.o)
    0x08000246   0x00000000   Code   RO         4805    .ARM.Collect$$libinit$$0000001F  c_w.l(libinit2.o)
    0x08000246   0x00000000   Code   RO         4807    .ARM.Collect$$libinit$$00000021  c_w.l(libinit2.o)
    0x08000246   0x00000000   Code   RO         4809    .ARM.Collect$$libinit$$00000023  c_w.l(libinit2.o)
    0x08000246   0x00000000   Code   RO         4811    .ARM.Collect$$libinit$$00000025  c_w.l(libinit2.o)
    0x08000246   0x00000000   Code   RO         4815    .ARM.Collect$$libinit$$0000002C  c_w.l(libinit2.o)
    0x08000246   0x00000000   Code   RO         4817    .ARM.Collect$$libinit$$0000002E  c_w.l(libinit2.o)
    0x08000246   0x00000000   Code   RO         4819    .ARM.Collect$$libinit$$00000030  c_w.l(libinit2.o)
    0x08000246   0x00000000   Code   RO         4821    .ARM.Collect$$libinit$$00000032  c_w.l(libinit2.o)
    0x08000246   0x00000002   Code   RO         4822    .ARM.Collect$$libinit$$00000033  c_w.l(libinit2.o)
    0x08000248   0x00000002   Code   RO         4850    .ARM.Collect$$libshutdown$$00000000  c_w.l(libshutdown.o)
    0x0800024a   0x00000000   Code   RO         4859    .ARM.Collect$$libshutdown$$00000002  c_w.l(libshutdown2.o)
    0x0800024a   0x00000000   Code   RO         4861    .ARM.Collect$$libshutdown$$00000004  c_w.l(libshutdown2.o)
    0x0800024a   0x00000000   Code   RO         4864    .ARM.Collect$$libshutdown$$00000007  c_w.l(libshutdown2.o)
    0x0800024a   0x00000000   Code   RO         4867    .ARM.Collect$$libshutdown$$0000000A  c_w.l(libshutdown2.o)
    0x0800024a   0x00000000   Code   RO         4869    .ARM.Collect$$libshutdown$$0000000C  c_w.l(libshutdown2.o)
    0x0800024a   0x00000000   Code   RO         4872    .ARM.Collect$$libshutdown$$0000000F  c_w.l(libshutdown2.o)
    0x0800024a   0x00000002   Code   RO         4873    .ARM.Collect$$libshutdown$$00000010  c_w.l(libshutdown2.o)
    0x0800024c   0x00000000   Code   RO         4633    .ARM.Collect$$rtentry$$00000000  c_w.l(__rtentry.o)
    0x0800024c   0x00000000   Code   RO         4693    .ARM.Collect$$rtentry$$00000002  c_w.l(__rtentry2.o)
    0x0800024c   0x00000006   Code   RO         4705    .ARM.Collect$$rtentry$$00000004  c_w.l(__rtentry4.o)
    0x08000252   0x00000000   Code   RO         4695    .ARM.Collect$$rtentry$$00000009  c_w.l(__rtentry2.o)
    0x08000252   0x00000004   Code   RO         4696    .ARM.Collect$$rtentry$$0000000A  c_w.l(__rtentry2.o)
    0x08000256   0x00000000   Code   RO         4698    .ARM.Collect$$rtentry$$0000000C  c_w.l(__rtentry2.o)
    0x08000256   0x00000008   Code   RO         4699    .ARM.Collect$$rtentry$$0000000D  c_w.l(__rtentry2.o)
    0x0800025e   0x00000002   Code   RO         4823    .ARM.Collect$$rtexit$$00000000  c_w.l(rtexit.o)
    0x08000260   0x00000000   Code   RO         4830    .ARM.Collect$$rtexit$$00000002  c_w.l(rtexit2.o)
    0x08000260   0x00000004   Code   RO         4831    .ARM.Collect$$rtexit$$00000003  c_w.l(rtexit2.o)
    0x08000264   0x00000006   Code   RO         4832    .ARM.Collect$$rtexit$$00000004  c_w.l(rtexit2.o)
    0x0800026a   0x00000002   PAD
    0x0800026c   0x00000040   Code   RO          604    .text               startup_stm32f429xx.o
    0x080002ac   0x00000002   Code   RO         4498    .text               c_w.l(use_no_semi_2.o)
    0x080002ae   0x00000002   PAD
    0x080002b0   0x00000018   Code   RO         4502    .text               c_w.l(noretval__2printf.o)
    0x080002c8   0x00000078   Code   RO         4508    .text               c_w.l(_printf_dec.o)
    0x08000340   0x00000138   Code   RO         4522    .text               c_w.l(__printf_flags_wp.o)
    0x08000478   0x00000006   Code   RO         4537    .text               c_w.l(heapauxi.o)
    0x0800047e   0x00000002   Code   RO         4631    .text               c_w.l(use_no_semi.o)
    0x08000480   0x000000b2   Code   RO         4636    .text               c_w.l(_printf_intcommon.o)
    0x08000532   0x0000041a   Code   RO         4638    .text               c_w.l(_printf_fp_dec.o)
    0x0800094c   0x00000024   Code   RO         4640    .text               c_w.l(_printf_char_file.o)
    0x08000970   0x00000008   Code   RO         4710    .text               c_w.l(rt_locale_intlibspace.o)
    0x08000978   0x0000008a   Code   RO         4717    .text               c_w.l(lludiv10.o)
    0x08000a02   0x00000002   PAD
    0x08000a04   0x00000030   Code   RO         4719    .text               c_w.l(_printf_char_common.o)
    0x08000a34   0x00000080   Code   RO         4721    .text               c_w.l(_printf_fp_infnan.o)
    0x08000ab4   0x000000dc   Code   RO         4723    .text               c_w.l(bigflt0.o)
    0x08000b90   0x00000008   Code   RO         4748    .text               c_w.l(ferror.o)
    0x08000b98   0x00000008   Code   RO         4761    .text               c_w.l(libspace.o)
    0x08000ba0   0x0000004a   Code   RO         4764    .text               c_w.l(sys_stackheap_outer.o)
    0x08000bea   0x00000012   Code   RO         4768    .text               c_w.l(exit.o)
    0x08000bfc   0x00000080   Code   RO         4770    .text               c_w.l(strcmpv7m.o)
    0x08000c7c   0x0000003e   Code   RO         4726    CL$$btod_d2e        c_w.l(btod.o)
    0x08000cba   0x00000046   Code   RO         4728    CL$$btod_d2e_denorm_low  c_w.l(btod.o)
    0x08000d00   0x00000060   Code   RO         4727    CL$$btod_d2e_norm_op1  c_w.l(btod.o)
    0x08000d60   0x00000338   Code   RO         4736    CL$$btod_div_common  c_w.l(btod.o)
    0x08001098   0x000000c6   Code   RO         4733    CL$$btod_e2e        c_w.l(btod.o)
    0x0800115e   0x00000028   Code   RO         4730    CL$$btod_ediv       c_w.l(btod.o)
    0x08001186   0x00000028   Code   RO         4729    CL$$btod_emul       c_w.l(btod.o)
    0x080011ae   0x00000244   Code   RO         4735    CL$$btod_mult_common  c_w.l(btod.o)
    0x080013f2   0x00000002   PAD
    0x080013f4   0x00000054   Code   RO         4450    i.Bikedrive         nuci7.o
    0x08001448   0x00000004   Code   RO          390    i.BusFault_Handler  stm32f4xx_it.o
    0x0800144c   0x0000008c   Code   RO         3388    i.CAN1_Mode_Init    can.o
    0x080014d8   0x00000010   Code   RO         3389    i.CAN1_RX0_IRQHandler  can.o
    0x080014e8   0x0000005c   Code   RO         3390    i.CAN1_Send_Msg     can.o
    0x08001544   0x000001a8   Code   RO         1885    i.CAN_Receive_IT    stm32f4xx_hal_can.o
    0x080016ec   0x00000074   Code   RO         1886    i.CAN_Transmit_IT   stm32f4xx_hal_can.o
    0x08001760   0x00000034   Code   RO         4324    i.DAC1_Init         dac.o
    0x08001794   0x00000084   Code   RO         4325    i.DAC1_Set_Vol      dac.o
    0x08001818   0x00000002   Code   RO          391    i.DebugMon_Handler  stm32f4xx_it.o
    0x0800181a   0x00000002   PAD
    0x0800181c   0x00000050   Code   RO         4236    i.ENPort_Init       wheel.o
    0x0800186c   0x0000000e   Code   RO         4366    i.Encoder_Init      encoder.o
    0x0800187a   0x00000002   PAD
    0x0800187c   0x00000054   Code   RO         4367    i.Encoder_TIM_Init  encoder.o
    0x080018d0   0x0000012c   Code   RO         1887    i.HAL_CAN_ConfigFilter  stm32f4xx_hal_can.o
    0x080019fc   0x00000002   Code   RO         1889    i.HAL_CAN_ErrorCallback  stm32f4xx_hal_can.o
    0x080019fe   0x00000002   PAD
    0x08001a00   0x000001cc   Code   RO         1892    i.HAL_CAN_IRQHandler  stm32f4xx_hal_can.o
    0x08001bcc   0x000001c0   Code   RO         1893    i.HAL_CAN_Init      stm32f4xx_hal_can.o
    0x08001d8c   0x00000098   Code   RO         3391    i.HAL_CAN_MspInit   can.o
    0x08001e24   0x00000024   Code   RO         3392    i.HAL_CAN_RxCpltCallback  can.o
    0x08001e48   0x00000260   Code   RO         1900    i.HAL_CAN_Transmit  stm32f4xx_hal_can.o
    0x080020a8   0x00000002   Code   RO         1902    i.HAL_CAN_TxCpltCallback  stm32f4xx_hal_can.o
    0x080020aa   0x0000005a   Code   RO         2898    i.HAL_DAC_ConfigChannel  stm32f4xx_hal_dac.o
    0x08002104   0x00000028   Code   RO         2908    i.HAL_DAC_Init      stm32f4xx_hal_dac.o
    0x0800212c   0x0000006c   Code   RO         4326    i.HAL_DAC_MspInit   dac.o
    0x08002198   0x0000002c   Code   RO         2911    i.HAL_DAC_SetValue  stm32f4xx_hal_dac.o
    0x080021c4   0x0000008c   Code   RO         2912    i.HAL_DAC_Start     stm32f4xx_hal_dac.o
    0x08002250   0x0000021c   Code   RO          900    i.HAL_GPIO_Init     stm32f4xx_hal_gpio.o
    0x0800246c   0x00000010   Code   RO          902    i.HAL_GPIO_ReadPin  stm32f4xx_hal_gpio.o
    0x0800247c   0x0000000c   Code   RO          904    i.HAL_GPIO_WritePin  stm32f4xx_hal_gpio.o
    0x08002488   0x0000000c   Code   RO          626    i.HAL_GetTick       stm32f4xx_hal.o
    0x08002494   0x00000010   Code   RO          627    i.HAL_IncTick       stm32f4xx_hal.o
    0x080024a4   0x0000003c   Code   RO          628    i.HAL_Init          stm32f4xx_hal.o
    0x080024e0   0x00000024   Code   RO          629    i.HAL_InitTick      stm32f4xx_hal.o
    0x08002504   0x0000000a   Code   RO          631    i.HAL_MspInit       stm32f4xx_hal.o
    0x0800250e   0x0000001a   Code   RO          772    i.HAL_NVIC_EnableIRQ  stm32f4xx_hal_cortex.o
    0x08002528   0x0000007c   Code   RO          778    i.HAL_NVIC_SetPriority  stm32f4xx_hal_cortex.o
    0x080025a4   0x00000028   Code   RO          779    i.HAL_NVIC_SetPriorityGrouping  stm32f4xx_hal_cortex.o
    0x080025cc   0x000000a4   Code   RO         1089    i.HAL_PWREx_EnableOverDrive  stm32f4xx_hal_pwr_ex.o
    0x08002670   0x000002b0   Code   RO         1156    i.HAL_RCC_ClockConfig  stm32f4xx_hal_rcc.o
    0x08002920   0x00000038   Code   RO         1161    i.HAL_RCC_GetHCLKFreq  stm32f4xx_hal_rcc.o
    0x08002958   0x0000002c   Code   RO         1163    i.HAL_RCC_GetPCLK1Freq  stm32f4xx_hal_rcc.o
    0x08002984   0x0000002c   Code   RO         1164    i.HAL_RCC_GetPCLK2Freq  stm32f4xx_hal_rcc.o
    0x080029b0   0x000000b4   Code   RO         1165    i.HAL_RCC_GetSysClockFreq  stm32f4xx_hal_rcc.o
    0x08002a64   0x00000408   Code   RO         1168    i.HAL_RCC_OscConfig  stm32f4xx_hal_rcc.o
    0x08002e6c   0x00000028   Code   RO          781    i.HAL_SYSTICK_CLKSourceConfig  stm32f4xx_hal_cortex.o
    0x08002e94   0x00000034   Code   RO          783    i.HAL_SYSTICK_Config  stm32f4xx_hal_cortex.o
    0x08002ec8   0x00000034   Code   RO         2017    i.HAL_TIM_Base_Init  stm32f4xx_hal_tim.o
    0x08002efc   0x00000048   Code   RO         4288    i.HAL_TIM_Base_MspInit  timer.o
    0x08002f44   0x00000038   Code   RO         2025    i.HAL_TIM_Base_Stop_IT  stm32f4xx_hal_tim.o
    0x08002f7c   0x000000b4   Code   RO         2035    i.HAL_TIM_Encoder_Init  stm32f4xx_hal_tim.o
    0x08003030   0x0000007c   Code   RO         4368    i.HAL_TIM_Encoder_MspInit  encoder.o
    0x080030ac   0x0000004e   Code   RO         2038    i.HAL_TIM_Encoder_Start  stm32f4xx_hal_tim.o
    0x080030fa   0x00000002   Code   RO         1308    i.HAL_UART_ErrorCallback  stm32f4xx_hal_uart.o
    0x080030fc   0x00000008   Code   RO         1310    i.HAL_UART_GetState  stm32f4xx_hal_uart.o
    0x08003104   0x00000130   Code   RO         1311    i.HAL_UART_IRQHandler  stm32f4xx_hal_uart.o
    0x08003234   0x0000006e   Code   RO         1312    i.HAL_UART_Init     stm32f4xx_hal_uart.o
    0x080032a2   0x00000002   PAD
    0x080032a4   0x000001b8   Code   RO         3186    i.HAL_UART_MspInit  usart.o
    0x0800345c   0x00000086   Code   RO         1317    i.HAL_UART_Receive_IT  stm32f4xx_hal_uart.o
    0x080034e2   0x00000002   PAD
    0x080034e4   0x00000034   Code   RO         3187    i.HAL_UART_RxCpltCallback  usart.o
    0x08003518   0x000000f0   Code   RO         1320    i.HAL_UART_Transmit  stm32f4xx_hal_uart.o
    0x08003608   0x00000002   Code   RO         1323    i.HAL_UART_TxCpltCallback  stm32f4xx_hal_uart.o
    0x0800360a   0x00000004   Code   RO          392    i.HardFault_Handler  stm32f4xx_it.o
    0x0800360e   0x00000002   PAD
    0x08003610   0x0000007c   Code   RO         3348    i.JYread            jy901.o
    0x0800368c   0x000000b4   Code   RO         3317    i.KEY_Init          key.o
    0x08003740   0x00000014   Code   RO         3263    i.LED0_OFF          led.o
    0x08003754   0x00000014   Code   RO         3264    i.LED0_ON           led.o
    0x08003768   0x00000014   Code   RO         3265    i.LED1_OFF          led.o
    0x0800377c   0x00000014   Code   RO         3266    i.LED1_ON           led.o
    0x08003790   0x0000005c   Code   RO         3267    i.LED_Init          led.o
    0x080037ec   0x00000004   Code   RO          393    i.MemManage_Handler  stm32f4xx_it.o
    0x080037f0   0x00000002   Code   RO          394    i.NMI_Handler       stm32f4xx_it.o
    0x080037f2   0x00000002   PAD
    0x080037f4   0x00000010   Code   RO          785    i.NVIC_GetPriorityGrouping  stm32f4xx_hal_cortex.o
    0x08003804   0x00000028   Code   RO          786    i.NVIC_SetPriority  stm32f4xx_hal_cortex.o
    0x0800382c   0x00000024   Code   RO         4451    i.Nuci7Reset        nuci7.o
    0x08003850   0x00000138   Code   RO         4452    i.Nuci7Write        nuci7.o
    0x08003988   0x00000060   Code   RO         4453    i.Nuci7_callback    nuci7.o
    0x080039e8   0x00000002   Code   RO          395    i.PendSV_Handler    stm32f4xx_it.o
    0x080039ea   0x00000086   Code   RO         4135    i.R1dataProcess     sca_protocol.o
    0x08003a70   0x00000124   Code   RO         4136    i.R2dataProcess     sca_protocol.o
    0x08003b94   0x000002c4   Code   RO         4137    i.R3dataProcess     sca_protocol.o
    0x08003e58   0x00000088   Code   RO         4138    i.R4dataProcess     sca_protocol.o
    0x08003ee0   0x00000018   Code   RO         4139    i.R5dataProcess     sca_protocol.o
    0x08003ef8   0x00000074   Code   RO         4092    i.SCA_Homing        sca_app.o
    0x08003f6c   0x00000034   Code   RO         4093    i.SCA_Init          sca_app.o
    0x08003fa0   0x00000014   Code   RO         4140    i.SCA_Read          sca_protocol.o
    0x08003fb4   0x00000050   Code   RO         4094    i.SCA_Set           sca_app.o
    0x08004004   0x0000001c   Code   RO         4141    i.SCA_Write_1       sca_protocol.o
    0x08004020   0x000000b4   Code   RO         4143    i.SCA_Write_3       sca_protocol.o
    0x080040d4   0x00000002   Code   RO          396    i.SVC_Handler       stm32f4xx_it.o
    0x080040d6   0x00000002   PAD
    0x080040d8   0x000000b8   Code   RO         3159    i.Stm32_Clock_Init  sys.o
    0x08004190   0x00000008   Code   RO          397    i.SysTick_Handler   stm32f4xx_it.o
    0x08004198   0x00000064   Code   RO          469    i.SystemInit        system_stm32f4xx.o
    0x080041fc   0x00000028   Code   RO          308    i.TIM3_IRQHandler   balance.o
    0x08004224   0x00000028   Code   RO         4289    i.TIM3_Init         timer.o
    0x0800424c   0x000000e4   Code   RO         2101    i.TIM_Base_SetConfig  stm32f4xx_hal_tim.o
    0x08004330   0x0000001c   Code   RO         2102    i.TIM_CCxChannelCmd  stm32f4xx_hal_tim.o
    0x0800434c   0x00000030   Code   RO         1330    i.UART_EndTransmit_IT  stm32f4xx_hal_uart.o
    0x0800437c   0x000000bc   Code   RO         1331    i.UART_Receive_IT   stm32f4xx_hal_uart.o
    0x08004438   0x00000224   Code   RO         1332    i.UART_SetConfig    stm32f4xx_hal_uart.o
    0x0800465c   0x00000070   Code   RO         1333    i.UART_Transmit_IT  stm32f4xx_hal_uart.o
    0x080046cc   0x000000fa   Code   RO         1334    i.UART_WaitOnFlagUntilTimeout  stm32f4xx_hal_uart.o
    0x080047c6   0x00000002   PAD
    0x080047c8   0x00000050   Code   RO         3188    i.USART1_IRQHandler  usart.o
    0x08004818   0x00000050   Code   RO         3189    i.USART2_IRQHandler  usart.o
    0x08004868   0x00000050   Code   RO         3190    i.USART3_IRQHandler  usart.o
    0x080048b8   0x00000004   Code   RO          398    i.UsageFault_Handler  stm32f4xx_it.o
    0x080048bc   0x000002c4   Code   RO         4146    i.WriteDataProcess  sca_protocol.o
    0x08004b80   0x00000030   Code   RO         4671    i.__ARM_fpclassify  m_wm.l(fpclassify.o)
    0x08004bb0   0x0000000e   Code   RO         4520    i._is_digit         c_w.l(__printf_wp.o)
    0x08004bbe   0x00000004   Code   RO         3191    i._sys_exit         usart.o
    0x08004bc2   0x00000074   Code   RO         3439    i.activateActuatorMode  sca_api.o
    0x08004c36   0x00000002   PAD
    0x08004c38   0x00000030   Code   RO          311    i.bikebotStop       balance.o
    0x08004c68   0x000001d0   Code   RO         4147    i.canDispatch       sca_protocol.o
    0x08004e38   0x00000038   Code   RO         4148    i.canTransmit       sca_protocol.o
    0x08004e70   0x00000014   Code   RO         3120    i.delay_init        delay.o
    0x08004e84   0x00000018   Code   RO         3121    i.delay_ms          delay.o
    0x08004e9c   0x00000048   Code   RO         3122    i.delay_us          delay.o
    0x08004ee4   0x0000006e   Code   RO         3442    i.disableActuator   sca_api.o
    0x08004f52   0x00000002   PAD
    0x08004f54   0x00000028   Code   RO         3443    i.disableAllActuators  sca_api.o
    0x08004f7c   0x000000cc   Code   RO         3444    i.enableActuator    sca_api.o
    0x08005048   0x00000028   Code   RO         3445    i.enableAllActuators  sca_api.o
    0x08005070   0x0000001c   Code   RO         3192    i.fputc             usart.o
    0x0800508c   0x00000060   Code   RO         3450    i.getActuatorLastState  sca_api.o
    0x080050ec   0x00000060   Code   RO         3451    i.getActuatorMode   sca_api.o
    0x0800514c   0x00000064   Code   RO         3452    i.getActuatorSerialNumber  sca_api.o
    0x080051b0   0x00000064   Code   RO         3454    i.getCurrentCutoffFrequency  sca_api.o
    0x08005214   0x00000064   Code   RO         3456    i.getCurrentKi      sca_api.o
    0x08005278   0x00000064   Code   RO         3457    i.getCurrentKp      sca_api.o
    0x080052dc   0x00000064   Code   RO         3458    i.getCurrentLimit   sca_api.o
    0x08005340   0x00000064   Code   RO         3459    i.getCurrentRange   sca_api.o
    0x080053a4   0x00000064   Code   RO         3460    i.getErrorCode      sca_api.o
    0x08005408   0x00000038   Code   RO         3461    i.getInstance       sca_api.o
    0x08005440   0x00000064   Code   RO         3462    i.getInverterProtectedTemperature  sca_api.o
    0x080054a4   0x00000064   Code   RO         3463    i.getInverterRecoveryTemperature  sca_api.o
    0x08005508   0x00000064   Code   RO         3464    i.getInverterTemperature  sca_api.o
    0x0800556c   0x00000064   Code   RO         3465    i.getLockEnergy     sca_api.o
    0x080055d0   0x00000064   Code   RO         3466    i.getMaximumPosition  sca_api.o
    0x08005634   0x00000064   Code   RO         3467    i.getMinimumPosition  sca_api.o
    0x08005698   0x00000064   Code   RO         3468    i.getMotorProtectedTemperature  sca_api.o
    0x080056fc   0x00000064   Code   RO         3469    i.getMotorRecoveryTemperature  sca_api.o
    0x08005760   0x00000064   Code   RO         3470    i.getMotorTemperature  sca_api.o
    0x080057c4   0x00000064   Code   RO         3471    i.getPosition       sca_api.o
    0x08005828   0x00000064   Code   RO         3472    i.getPositionCutoffFrequency  sca_api.o
    0x0800588c   0x00000064   Code   RO         3474    i.getPositionKi     sca_api.o
    0x080058f0   0x00000064   Code   RO         3475    i.getPositionKp     sca_api.o
    0x08005954   0x00000064   Code   RO         3476    i.getPositionOffset  sca_api.o
    0x080059b8   0x00000064   Code   RO         3477    i.getPositionUmax   sca_api.o
    0x08005a1c   0x00000064   Code   RO         3478    i.getPositionUmin   sca_api.o
    0x08005a80   0x00000064   Code   RO         3479    i.getProfilePositionAcceleration  sca_api.o
    0x08005ae4   0x00000064   Code   RO         3480    i.getProfilePositionDeceleration  sca_api.o
    0x08005b48   0x00000064   Code   RO         3481    i.getProfilePositionMaxVelocity  sca_api.o
    0x08005bac   0x00000064   Code   RO         3482    i.getProfileVelocityAcceleration  sca_api.o
    0x08005c10   0x00000064   Code   RO         3483    i.getProfileVelocityDeceleration  sca_api.o
    0x08005c74   0x00000064   Code   RO         3484    i.getProfileVelocityMaxVelocity  sca_api.o
    0x08005cd8   0x00000064   Code   RO         3486    i.getVelocityCutoffFrequency  sca_api.o
    0x08005d3c   0x00000064   Code   RO         3488    i.getVelocityKi     sca_api.o
    0x08005da0   0x00000064   Code   RO         3489    i.getVelocityKp     sca_api.o
    0x08005e04   0x00000064   Code   RO         3490    i.getVelocityLimit  sca_api.o
    0x08005e68   0x00000064   Code   RO         3492    i.getVelocityUmax   sca_api.o
    0x08005ecc   0x00000064   Code   RO         3493    i.getVelocityUmin   sca_api.o
    0x08005f30   0x00000064   Code   RO         3494    i.getVoltage        sca_api.o
    0x08005f94   0x00000060   Code   RO         3495    i.isCurrentFilterEnable  sca_api.o
    0x08005ff4   0x00000060   Code   RO         3496    i.isEnable          sca_api.o
    0x08006054   0x00000060   Code   RO         3498    i.isPositionFilterEnable  sca_api.o
    0x080060b4   0x00000060   Code   RO         3499    i.isPositionLimitEnable  sca_api.o
    0x08006114   0x00000060   Code   RO         3501    i.isVelocityFilterEnable  sca_api.o
    0x08006174   0x000000d0   Code   RO            5    i.main              main.o
    0x08006244   0x0000003c   Code   RO            6    i.motorInit         main.o
    0x08006280   0x00000010   Code   RO         4369    i.read_encoder      encoder.o
    0x08006290   0x00000024   Code   RO         3268    i.ready_light       led.o
    0x080062b4   0x00000140   Code   RO         3503    i.regainAttrbute    sca_api.o
    0x080063f4   0x00000064   Code   RO         3504    i.requestCVPValue   sca_api.o
    0x08006458   0x00000054   Code   RO         3505    i.requestCVPValueFast  sca_api.o
    0x080064ac   0x0000003c   Code   RO         4237    i.setDriver         wheel.o
    0x080064e8   0x0000002e   Code   RO         3521    i.setPosition       sca_api.o
    0x08006516   0x0000001e   Code   RO         3523    i.setPositionFast   sca_api.o
    0x08006534   0x00000078   Code   RO         3525    i.setPositionKp     sca_api.o
    0x080065ac   0x00000088   Code   RO         3529    i.setProfilePositionAcceleration  sca_api.o
    0x08006634   0x00000088   Code   RO         3530    i.setProfilePositionDeceleration  sca_api.o
    0x080066bc   0x00000088   Code   RO         3531    i.setProfilePositionMaxVelocity  sca_api.o
    0x08006744   0x00000078   Code   RO         3539    i.setVelocityKp     sca_api.o
    0x080067bc   0x00000044   Code   RO         3543    i.setupActuators    sca_api.o
    0x08006800   0x00000074   Code   RO         3193    i.uart_init         usart.o
    0x08006874   0x00000152   Code   RO         4149    i.warnBitAnaly      sca_protocol.o
    0x080069c6   0x00000002   PAD
    0x080069c8   0x00000024   Code   RO         4238    i.wheelInit         wheel.o
    0x080069ec   0x00000024   Code   RO         4239    i.wheelSet          wheel.o
    0x08006a10   0x0000002c   Code   RO         4753    locale$$code        c_w.l(lc_numeric_c.o)
    0x08006a3c   0x00000062   Code   RO         4543    x$fpl$d2f           fz_wm.l(d2f.o)
    0x08006a9e   0x00000002   PAD
    0x08006aa0   0x000002b0   Code   RO         4552    x$fpl$ddiv          fz_wm.l(ddiv.o)
    0x08006d50   0x0000005a   Code   RO         4555    x$fpl$dfixu         fz_wm.l(dfixu.o)
    0x08006daa   0x00000026   Code   RO         4559    x$fpl$dfltu         fz_wm.l(dflt_clz.o)
    0x08006dd0   0x00000154   Code   RO         4567    x$fpl$dmul          fz_wm.l(dmul.o)
    0x08006f24   0x0000009c   Code   RO         4645    x$fpl$dnaninf       fz_wm.l(dnaninf.o)
    0x08006fc0   0x0000000c   Code   RO         4647    x$fpl$dretinf       fz_wm.l(dretinf.o)
    0x08006fcc   0x00000056   Code   RO         4571    x$fpl$f2d           fz_wm.l(f2d.o)
    0x08007022   0x0000008c   Code   RO         4649    x$fpl$fnaninf       fz_wm.l(fnaninf.o)
    0x080070ae   0x0000000a   Code   RO         4827    x$fpl$fpinit        fz_wm.l(fpinit.o)
    0x080070b8   0x0000000a   Code   RO         4651    x$fpl$fretinf       fz_wm.l(fretinf.o)
    0x080070c2   0x00000004   Code   RO         4573    x$fpl$printf1       fz_wm.l(printf1.o)
    0x080070c6   0x00000000   Code   RO         4653    x$fpl$usenofp       fz_wm.l(usenofp.o)
    0x080070c6   0x00000010   Data   RO         1169    .constdata          stm32f4xx_hal_rcc.o
    0x080070d6   0x00000011   Data   RO         4523    .constdata          c_w.l(__printf_flags_wp.o)
    0x080070e7   0x00000001   PAD
    0x080070e8   0x00000094   Data   RO         4724    .constdata          c_w.l(bigflt0.o)
    0x0800717c   0x00000089   Data   RO         3545    .conststring        sca_api.o
    0x08007205   0x00000003   PAD
    0x08007208   0x00000020   Data   RO         4898    Region$$Table       anon$$obj.o
    0x08007228   0x0000001c   Data   RO         4752    locale$$data        c_w.l(lc_numeric_c.o)


    Execution Region RW_IRAM1 (Base: 0x20000000, Size: 0x00000a80, Max: 0x00030000, ABSOLUTE)

    Base Addr    Size         Type   Attr      Idx    E Section Name        Object

    0x20000000   0x00000014   Data   RW          470    .data               system_stm32f4xx.o
    0x20000014   0x00000004   Data   RW          634    .data               stm32f4xx_hal.o
    0x20000018   0x00000004   Data   RW         3123    .data               delay.o
    0x2000001c   0x00000005   Data   RW         3195    .data               usart.o
    0x20000021   0x00000001   PAD
    0x20000022   0x00000021   Data   RW         3351    .data               jy901.o
    0x20000043   0x00000001   PAD
    0x20000044   0x00000004   Data   RW         3546    .data               sca_api.o
    0x20000048   0x0000000c   Data   RW         4095    .data               sca_app.o
    0x20000054   0x00000011   Data   RW         4455    .data               nuci7.o
    0x20000065   0x00000003   PAD
    0x20000068   0x000000c0   Zero   RW         3194    .bss                usart.o
    0x20000128   0x0000000c   Zero   RW         3350    .bss                jy901.o
    0x20000134   0x00000080   Zero   RW         3393    .bss                can.o
    0x200001b4   0x00000188   Zero   RW         3544    .bss                sca_api.o
    0x2000033c   0x0000000c   Zero   RW         4240    .bss                wheel.o
    0x20000348   0x0000003c   Zero   RW         4290    .bss                timer.o
    0x20000384   0x00000014   Zero   RW         4327    .bss                dac.o
    0x20000398   0x00000060   Zero   RW         4370    .bss                encoder.o
    0x200003f8   0x00000023   Zero   RW         4454    .bss                nuci7.o
    0x2000041b   0x00000001   PAD
    0x2000041c   0x00000060   Zero   RW         4762    .bss                c_w.l(libspace.o)
    0x2000047c   0x00000004   PAD
    0x20000480   0x00000200   Zero   RW          602    HEAP                startup_stm32f429xx.o
    0x20000680   0x00000400   Zero   RW          601    STACK               startup_stm32f429xx.o


==============================================================================

Image component sizes


      Code (inc. data)   RO Data    RW Data    ZI Data      Debug   Object Name

        88         20          0          0          0        980   balance.o
       436         48          0          0        128       4317   can.o
       292         50          0          0         20       2460   dac.o
       116          8          0          4          0       2051   delay.o
       238         28          0          0         96       3149   encoder.o
       124         22          0         33         12       2739   jy901.o
       180         18          0          0          0       1047   key.o
       208         34          0          0          0       3463   led.o
       268         30          0          0          0     423279   main.o
       528        110          0         17         35       3578   nuci7.o
      6134         48        137          4        392      51556   sca_api.o
       248         48          0         12          0       2331   sca_app.o
      3088        132          0          0          0       9328   sca_protocol.o
        64         26        428          0       1536        852   startup_stm32f429xx.o
       134         16          0          4          0       4340   stm32f4xx_hal.o
      2360         34          0          0          0       7019   stm32f4xx_hal_can.o
       338         22          0          0          0      31621   stm32f4xx_hal_cortex.o
       314          0          0          0          0       3710   stm32f4xx_hal_dac.o
       568         54          0          0          0       3207   stm32f4xx_hal_gpio.o
       164         12          0          0          0       1332   stm32f4xx_hal_pwr_ex.o
      2044         66         16          0          0       6227   stm32f4xx_hal_rcc.o
       622         44          0          0          0       5063   stm32f4xx_hal_tim.o
      1946         10          0          0          0       9983   stm32f4xx_hal_uart.o
        32          0          0          0          0       4282   stm32f4xx_it.o
       184          8          0          0          0       1315   sys.o
       100         18          0         20          0       1117   system_stm32f4xx.o
       112         20          0          0         60       1910   timer.o
       880        112          0          5        192       7323   usart.o
       212         26          0          0         12       3569   wheel.o

    ----------------------------------------------------------------------
     22046       1064        616        104       2484     603148   Object Totals
         0          0         32          0          0          0   (incl. Generated)
        24          0          3          5          1          0   (incl. Padding)

    ----------------------------------------------------------------------

      Code (inc. data)   RO Data    RW Data    ZI Data      Debug   Library Member Name

         8          0          0          0          0         68   __main.o
       312          4         17          0          0         92   __printf_flags_wp.o
        14          0          0          0          0         68   __printf_wp.o
         0          0          0          0          0          0   __rtentry.o
        12          0          0          0          0          0   __rtentry2.o
         6          0          0          0          0          0   __rtentry4.o
        52          8          0          0          0          0   __scatter.o
        26          0          0          0          0          0   __scatter_copy.o
        28          0          0          0          0          0   __scatter_zi.o
        48          6          0          0          0         96   _printf_char_common.o
        36          4          0          0          0         80   _printf_char_file.o
         6          0          0          0          0          0   _printf_d.o
       120         16          0          0          0         92   _printf_dec.o
         6          0          0          0          0          0   _printf_f.o
      1050          0          0          0          0        216   _printf_fp_dec.o
       128         16          0          0          0         84   _printf_fp_infnan.o
       178          0          0          0          0         88   _printf_intcommon.o
         0          0          0          0          0          0   _printf_percent.o
         4          0          0          0          0          0   _printf_percent_end.o
       220          4        148          0          0         96   bigflt0.o
      1910        128          0          0          0        672   btod.o
        18          0          0          0          0         80   exit.o
         8          0          0          0          0         68   ferror.o
         6          0          0          0          0        152   heapauxi.o
        44         10         28          0          0         76   lc_numeric_c.o
         2          0          0          0          0          0   libinit.o
        22          0          0          0          0          0   libinit2.o
         2          0          0          0          0          0   libshutdown.o
         2          0          0          0          0          0   libshutdown2.o
         8          4          0          0         96         68   libspace.o
       138          0          0          0          0         80   lludiv10.o
        24          4          0          0          0         84   noretval__2printf.o
         8          4          0          0          0         68   rt_locale_intlibspace.o
         2          0          0          0          0          0   rtexit.o
        10          0          0          0          0          0   rtexit2.o
       128          0          0          0          0         68   strcmpv7m.o
        74          0          0          0          0         80   sys_stackheap_outer.o
         2          0          0          0          0         68   use_no_semi.o
         2          0          0          0          0         68   use_no_semi_2.o
        98          4          0          0          0        140   d2f.o
       688        140          0          0          0        256   ddiv.o
        90          4          0          0          0        140   dfixu.o
        38          0          0          0          0        116   dflt_clz.o
       340         12          0          0          0        152   dmul.o
       156          4          0          0          0        140   dnaninf.o
        12          0          0          0          0        116   dretinf.o
        86          4          0          0          0        132   f2d.o
       140          4          0          0          0        132   fnaninf.o
        10          0          0          0          0        116   fpinit.o
        10          0          0          0          0        116   fretinf.o
         4          0          0          0          0        116   printf1.o
         0          0          0          0          0          0   usenofp.o
        48          0          0          0          0        124   fpclassify.o

    ----------------------------------------------------------------------
      6396        380        194          0        100       4408   Library Totals
        12          0          1          0          4          0   (incl. Padding)

    ----------------------------------------------------------------------

      Code (inc. data)   RO Data    RW Data    ZI Data      Debug   Library Name

      4664        208        193          0         96       2612   c_w.l
      1672        172          0          0          0       1672   fz_wm.l
        48          0          0          0          0        124   m_wm.l

    ----------------------------------------------------------------------
      6396        380        194          0        100       4408   Library Totals

    ----------------------------------------------------------------------

==============================================================================


      Code (inc. data)   RO Data    RW Data    ZI Data      Debug   

     28442       1444        810        104       2584     587252   Grand Totals
     28442       1444        810        104       2584     587252   ELF Image Totals
     28442       1444        810        104          0          0   ROM Totals

==============================================================================

    Total RO  Size (Code + RO Data)                29252 (  28.57kB)
    Total RW  Size (RW Data + ZI Data)              2688 (   2.63kB)
    Total ROM Size (Code + RO Data + RW Data)      29356 (  28.67kB)

==============================================================================

