<html>
<body>
<pre>
<h1>礦ision Build Log</h1>
<h2>Tool Versions:</h2>
IDE-Version: μVision V5.22.0.0
Copyright (C) 2016 ARM Ltd and ARM Germany GmbH. All rights reserved.
License Information: 1 Windows, HP Inc., LIC=65IHL-0R20X-0NTAM-XAGZZ-8RH79-C3XGT
 
Tool Versions:
Toolchain:       MDK-ARM Plus  Version: 5.22
Toolchain Path:  D:\keil MDK\ARM\ARMCC\Bin
C Compiler:      Armcc.exe V5.06 update 4 (build 422)
Assembler:       Armasm.exe V5.06 update 4 (build 422)
Linker/Locator:  ArmLink.exe V5.06 update 4 (build 422)
Library Manager: ArmAr.exe V5.06 update 4 (build 422)
Hex Converter:   FromElf.exe V5.06 update 4 (build 422)
CPU DLL:         SARMCM3.DLL V5.22
Dialog DLL:      DCM.DLL V1.13.9.0
Target DLL:      CMSIS_AGDI.dll V1.27.0.0
Dialog DLL:      TCM.DLL V1.21.0.0
 
<h2>Project:</h2>
C:\Users\hxy\OneDrive\浙江大学\unmanned_bicyle\串口通信\bicycle\USER\bicycle.uvprojx
Project File Date:  06/16/2021

<h2>Output:</h2>
*** Using Compiler 'V5.06 update 4 (build 422)', folder: 'D:\keil MDK\ARM\ARMCC\Bin'
Build target 'BICYCLE'
compiling main.c...
compiling usart.c...
compiling balance.c...
compiling Nuci7.c...
linking...
Program Size: Code=28442 RO-data=810 RW-data=104 ZI-data=2584  
FromELF: creating hex file...
"..\OBJ\bicycle.axf" - 0 Error(s), 0 Warning(s).

<h2>Collection of Component include folders:</h2>
  C:\Users\hxy\OneDrive\浙江大学\unmanned_bicyle\串口通信\bicycle\USER\RTE\_BICYCLE
  D:\keil MDK\ARM\PACK\Keil\STM32F4xx_DFP\2.15.0\Drivers\CMSIS\Device\ST\STM32F4xx\Include

<h2>Collection of Component Files used:</h2>
Build Time Elapsed:  00:00:07
</pre>
</body>
</html>
